[    0.000000] Linux version 6.4.0-rc3-thor_kernel-g44c026a73be8-dirty (root@rkowalsk) (gcc (GCC) 12.2.0, GNU ld (GNU Binutils) 2.40) #1 SMP PREEMPT_DYNAMIC Wed May 24 14:25:02 CEST 2023
[    0.000000] Command line: BOOT_IMAGE=/vmlinuz-6.4-rc3-thor_kernel root=/dev/sda1 ro
[    0.000000] x86/fpu: Supporting XSAVE feature 0x001: 'x87 floating point registers'
[    0.000000] x86/fpu: Supporting XSAVE feature 0x002: 'SSE registers'
[    0.000000] x86/fpu: Supporting XSAVE feature 0x004: 'AVX registers'
[    0.000000] x86/fpu: xstate_offset[2]:  576, xstate_sizes[2]:  256
[    0.000000] x86/fpu: Enabled xstate features 0x7, context size is 832 bytes, using 'standard' format.
[    0.000000] signal: max sigframe size: 1776
[    0.000000] BIOS-provided physical RAM map:
[    0.000000] BIOS-e820: [mem 0x0000000000000000-0x000000000009fbff] usable
[    0.000000] BIOS-e820: [mem 0x000000000009fc00-0x000000000009ffff] reserved
[    0.000000] BIOS-e820: [mem 0x00000000000f0000-0x00000000000fffff] reserved
[    0.000000] BIOS-e820: [mem 0x0000000000100000-0x000000003ffeffff] usable
[    0.000000] BIOS-e820: [mem 0x000000003fff0000-0x000000003fffffff] ACPI data
[    0.000000] BIOS-e820: [mem 0x00000000fec00000-0x00000000fec00fff] reserved
[    0.000000] BIOS-e820: [mem 0x00000000fee00000-0x00000000fee00fff] reserved
[    0.000000] BIOS-e820: [mem 0x00000000fffc0000-0x00000000ffffffff] reserved
[    0.000000] NX (Execute Disable) protection: active
[    0.000000] SMBIOS 2.5 present.
[    0.000000] DMI: innotek GmbH VirtualBox/VirtualBox, BIOS VirtualBox 12/01/2006
[    0.000000] Hypervisor detected: KVM
[    0.000000] kvm-clock: Using msrs 4b564d01 and 4b564d00
[    0.000002] kvm-clock: using sched offset of 4074818845 cycles
[    0.000004] clocksource: kvm-clock: mask: 0xffffffffffffffff max_cycles: 0x1cd42e4dffb, max_idle_ns: 881590591483 ns
[    0.000007] tsc: Detected 2194.918 MHz processor
[    0.001133] e820: update [mem 0x00000000-0x00000fff] usable ==> reserved
[    0.001138] e820: remove [mem 0x000a0000-0x000fffff] usable
[    0.001143] last_pfn = 0x3fff0 max_arch_pfn = 0x400000000
[    0.001155] MTRRs disabled by BIOS
[    0.001158] x86/PAT: Configuration [0-7]: WB  WC  UC- UC  WB  WP  UC- WT  
[    0.001254] found SMP MP-table at [mem 0x0009fff0-0x0009ffff]
[    0.001338] ACPI: Early table checksum verification disabled
[    0.001343] ACPI: RSDP 0x00000000000E0000 000024 (v02 VBOX  )
[    0.001348] ACPI: XSDT 0x000000003FFF0030 00003C (v01 VBOX   VBOXXSDT 00000001 ASL  00000061)
[    0.001355] ACPI: FACP 0x000000003FFF00F0 0000F4 (v04 VBOX   VBOXFACP 00000001 ASL  00000061)
[    0.001362] ACPI: DSDT 0x000000003FFF0470 002325 (v02 VBOX   VBOXBIOS 00000002 INTL 20200925)
[    0.001366] ACPI: FACS 0x000000003FFF0200 000040
[    0.001369] ACPI: FACS 0x000000003FFF0200 000040
[    0.001372] ACPI: APIC 0x000000003FFF0240 000054 (v02 VBOX   VBOXAPIC 00000001 ASL  00000061)
[    0.001376] ACPI: SSDT 0x000000003FFF02A0 0001CC (v01 VBOX   VBOXCPUT 00000002 INTL 20200925)
[    0.001379] ACPI: Reserving FACP table memory at [mem 0x3fff00f0-0x3fff01e3]
[    0.001380] ACPI: Reserving DSDT table memory at [mem 0x3fff0470-0x3fff2794]
[    0.001381] ACPI: Reserving FACS table memory at [mem 0x3fff0200-0x3fff023f]
[    0.001382] ACPI: Reserving FACS table memory at [mem 0x3fff0200-0x3fff023f]
[    0.001383] ACPI: Reserving APIC table memory at [mem 0x3fff0240-0x3fff0293]
[    0.001383] ACPI: Reserving SSDT table memory at [mem 0x3fff02a0-0x3fff046b]
[    0.001593] No NUMA configuration found
[    0.001594] Faking a node at [mem 0x0000000000000000-0x000000003ffeffff]
[    0.001597] NODE_DATA(0) allocated [mem 0x3ffec000-0x3ffeffff]
[    0.001611] Zone ranges:
[    0.001612]   DMA      [mem 0x0000000000001000-0x0000000000ffffff]
[    0.001614]   DMA32    [mem 0x0000000001000000-0x000000003ffeffff]
[    0.001616]   Normal   empty
[    0.001616] Movable zone start for each node
[    0.001617] Early memory node ranges
[    0.001618]   node   0: [mem 0x0000000000001000-0x000000000009efff]
[    0.001619]   node   0: [mem 0x0000000000100000-0x000000003ffeffff]
[    0.001620] Initmem setup node 0 [mem 0x0000000000001000-0x000000003ffeffff]
[    0.002021] On node 0, zone DMA: 1 pages in unavailable ranges
[    0.002094] On node 0, zone DMA: 97 pages in unavailable ranges
[    0.006747] On node 0, zone DMA32: 16 pages in unavailable ranges
[    0.007234] ACPI: PM-Timer IO Port: 0x4008
[    0.007316] IOAPIC[0]: apic_id 1, version 32, address 0xfec00000, GSI 0-23
[    0.007322] ACPI: INT_SRC_OVR (bus 0 bus_irq 0 global_irq 2 dfl dfl)
[    0.007324] ACPI: INT_SRC_OVR (bus 0 bus_irq 9 global_irq 9 low level)
[    0.007329] ACPI: Using ACPI (MADT) for SMP configuration information
[    0.007337] smpboot: Allowing 1 CPUs, 0 hotplug CPUs
[    0.007364] PM: hibernation: Registered nosave memory: [mem 0x00000000-0x00000fff]
[    0.007367] PM: hibernation: Registered nosave memory: [mem 0x0009f000-0x0009ffff]
[    0.007368] PM: hibernation: Registered nosave memory: [mem 0x000a0000-0x000effff]
[    0.007369] PM: hibernation: Registered nosave memory: [mem 0x000f0000-0x000fffff]
[    0.007371] [mem 0x40000000-0xfebfffff] available for PCI devices
[    0.007372] Booting paravirtualized kernel on KVM
[    0.007375] clocksource: refined-jiffies: mask: 0xffffffff max_cycles: 0xffffffff, max_idle_ns: 1910969940391419 ns
[    0.014441] setup_percpu: NR_CPUS:64 nr_cpumask_bits:1 nr_cpu_ids:1 nr_node_ids:1
[    0.015298] percpu: Embedded 54 pages/cpu s182760 r8192 d30232 u2097152
[    0.015309] pcpu-alloc: s182760 r8192 d30232 u2097152 alloc=1*2097152
[    0.015312] pcpu-alloc: [0] 0 
[    0.015334] Kernel command line: BOOT_IMAGE=/vmlinuz-6.4-rc3-thor_kernel root=/dev/sda1 ro
[    0.015369] Unknown kernel command line parameters "BOOT_IMAGE=/vmlinuz-6.4-rc3-thor_kernel", will be passed to user space.
[    0.015402] random: crng init done
[    0.015617] Dentry cache hash table entries: 131072 (order: 8, 1048576 bytes, linear)
[    0.015736] Inode-cache hash table entries: 65536 (order: 7, 524288 bytes, linear)
[    0.015787] Fallback order for Node 0: 0 
[    0.015792] Built 1 zonelists, mobility grouping on.  Total pages: 257776
[    0.015794] Policy zone: DMA32
[    0.015796] mem auto-init: stack:all(zero), heap alloc:off, heap free:off
[    0.020867] Memory: 990048K/1048120K available (18432K kernel code, 2720K rwdata, 6356K rodata, 2596K init, 1668K bss, 57812K reserved, 0K cma-reserved)
[    0.020912] SLUB: HWalign=64, Order=0-3, MinObjects=0, CPUs=1, Nodes=1
[    0.020923] Kernel/User page tables isolation: enabled
[    0.022190] Dynamic Preempt: voluntary
[    0.022214] rcu: Preemptible hierarchical RCU implementation.
[    0.022215] rcu: 	RCU event tracing is enabled.
[    0.022216] rcu: 	RCU restricting CPUs from NR_CPUS=64 to nr_cpu_ids=1.
[    0.022218] 	Trampoline variant of Tasks RCU enabled.
[    0.022219] rcu: RCU calculated value of scheduler-enlistment delay is 100 jiffies.
[    0.022220] rcu: Adjusting geometry for rcu_fanout_leaf=16, nr_cpu_ids=1
[    0.023777] NR_IRQS: 4352, nr_irqs: 256, preallocated irqs: 16
[    0.023952] rcu: srcu_init: Setting srcu_struct sizes based on contention.
[    0.029976] Console: colour VGA+ 80x25
[    0.029979] printk: console [tty0] enabled
[    0.059473] ACPI: Core revision 20230331
[    0.059787] APIC: Switch to symmetric I/O mode setup
[    0.060253] x2apic enabled
[    0.060636] Switched APIC routing to physical x2apic.
[    0.062337] ..TIMER: vector=0x30 apic1=0 pin1=2 apic2=-1 pin2=-1
[    0.062644] clocksource: tsc-early: mask: 0xffffffffffffffff max_cycles: 0x1fa37202099, max_idle_ns: 440795206796 ns
[    0.063109] Calibrating delay loop (skipped) preset value.. 4389.83 BogoMIPS (lpj=2194918)
[    0.063511] pid_max: default: 32768 minimum: 301
[    0.063765] LSM: initializing lsm=capability,selinux,integrity
[    0.064039] SELinux:  Initializing.
[    0.064104] Mount-cache hash table entries: 2048 (order: 2, 16384 bytes, linear)
[    0.064104] Mountpoint-cache hash table entries: 2048 (order: 2, 16384 bytes, linear)
[    0.064104] process: using mwait in idle threads
[    0.064104] Last level iTLB entries: 4KB 64, 2MB 8, 4MB 8
[    0.064104] Last level dTLB entries: 4KB 64, 2MB 0, 4MB 0, 1GB 4
[    0.064104] Spectre V1 : Mitigation: usercopy/swapgs barriers and __user pointer sanitization
[    0.064104] Spectre V2 : Mitigation: Retpolines
[    0.064104] Spectre V2 : Spectre v2 / SpectreRSB mitigation: Filling RSB on context switch
[    0.064114] Spectre V2 : Spectre v2 / SpectreRSB : Filling RSB on VMEXIT
[    0.064533] Speculative Store Bypass: Vulnerable
[    0.064894] MDS: Mitigation: Clear CPU buffers
[    0.065104] MMIO Stale Data: Unknown: No mitigations
[    0.065104] SRBDS: Unknown: Dependent on hypervisor status
[    0.097787] Freeing SMP alternatives memory: 48K
[    0.206106] APIC calibration not consistent with PM-Timer: 102ms instead of 100ms
[    0.206467] APIC delta adjusted to PM-Timer: 6288611 (6436518)
[    0.206786] smpboot: CPU0: Intel(R) Core(TM) i5-5200U CPU @ 2.20GHz (family: 0x6, model: 0x3d, stepping: 0x4)
[    0.207104] cblist_init_generic: Setting adjustable number of callback queues.
[    0.207104] cblist_init_generic: Setting shift to 0 and lim to 1.
[    0.207104] Performance Events: unsupported p6 CPU model 61 no PMU driver, software events only.
[    0.207104] rcu: Hierarchical SRCU implementation.
[    0.207104] rcu: 	Max phase no-delay instances is 400.
[    0.207104] smp: Bringing up secondary CPUs ...
[    0.207104] smp: Brought up 1 node, 1 CPU
[    0.207104] smpboot: Max logical packages: 1
[    0.207104] smpboot: Total of 1 processors activated (4389.83 BogoMIPS)
[    0.207104] devtmpfs: initialized
[    0.207104] clocksource: jiffies: mask: 0xffffffff max_cycles: 0xffffffff, max_idle_ns: 1911260446275000 ns
[    0.207104] futex hash table entries: 256 (order: 2, 16384 bytes, linear)
[    0.207112] PM: RTC time: 12:40:56, date: 2023-05-24
[    0.207539] NET: Registered PF_NETLINK/PF_ROUTE protocol family
[    0.208084] audit: initializing netlink subsys (disabled)
[    0.208104] thermal_sys: Registered thermal governor 'step_wise'
[    0.208104] thermal_sys: Registered thermal governor 'user_space'
[    0.208104] cpuidle: using governor menu
[    0.209110] PCI: Using configuration type 1 for base access
[    0.209843] kprobes: kprobe jump-optimization is enabled. All kprobes are optimized if possible.
[    0.210104] audit: type=2000 audit(1684932061.940:1): state=initialized audit_enabled=0 res=1
[    0.334124] HugeTLB: registered 2.00 MiB page size, pre-allocated 0 pages
[    0.334479] HugeTLB: 28 KiB vmemmap can be freed for a 2.00 MiB page
[    0.335104] ACPI: Added _OSI(Module Device)
[    0.335104] ACPI: Added _OSI(Processor Device)
[    0.335104] ACPI: Added _OSI(3.0 _SCP Extensions)
[    0.335104] ACPI: Added _OSI(Processor Aggregator Device)
[    0.336593] ACPI: 2 ACPI AML tables successfully acquired and loaded
[    0.339022] ACPI: Interpreter enabled
[    0.339126] ACPI: PM: (supports S0 S5)
[    0.339343] ACPI: Using IOAPIC for interrupt routing
[    0.339819] PCI: Using host bridge windows from ACPI; if necessary, use "pci=nocrs" and report a bug
[    0.340104] PCI: Using E820 reservations for host bridge windows
[    0.340104] ACPI: Enabled 2 GPEs in block 00 to 07
[    0.348342] ACPI: PCI Root Bridge [PCI0] (domain 0000 [bus 00-ff])
[    0.348799] acpi PNP0A03:00: _OSC: OS supports [ASPM ClockPM Segments MSI HPX-Type3]
[    0.349104] acpi PNP0A03:00: _OSC: not requesting OS control; OS requires [ExtendedConfig ASPM ClockPM MSI]
[    0.349104] acpi PNP0A03:00: fail to add MMCONFIG information, can't access extended configuration space under this bridge
[    0.350341] PCI host bridge to bus 0000:00
[    0.350708] pci_bus 0000:00: root bus resource [io  0x0000-0x0cf7 window]
[    0.351104] pci_bus 0000:00: root bus resource [io  0x0d00-0xffff window]
[    0.351104] pci_bus 0000:00: root bus resource [mem 0x000a0000-0x000bffff window]
[    0.351104] pci_bus 0000:00: root bus resource [mem 0x40000000-0xfdffffff window]
[    0.351104] pci_bus 0000:00: root bus resource [bus 00-ff]
[    0.353204] pci 0000:00:00.0: [8086:1237] type 00 class 0x060000
[    0.356009] pci 0000:00:01.0: [8086:7000] type 00 class 0x060100
[    0.357681] pci 0000:00:01.1: [8086:7111] type 00 class 0x01018a
[    0.358594] pci 0000:00:01.1: reg 0x20: [io  0xd000-0xd00f]
[    0.359260] pci 0000:00:01.1: legacy IDE quirk: reg 0x10: [io  0x01f0-0x01f7]
[    0.359644] pci 0000:00:01.1: legacy IDE quirk: reg 0x14: [io  0x03f6]
[    0.359946] pci 0000:00:01.1: legacy IDE quirk: reg 0x18: [io  0x0170-0x0177]
[    0.360104] pci 0000:00:01.1: legacy IDE quirk: reg 0x1c: [io  0x0376]
[    0.360282] pci 0000:00:02.0: [15ad:0405] type 00 class 0x030000
[    0.362140] pci 0000:00:02.0: reg 0x10: [io  0xd010-0xd01f]
[    0.363432] pci 0000:00:02.0: reg 0x14: [mem 0xe0000000-0xe0ffffff pref]
[    0.364432] pci 0000:00:02.0: reg 0x18: [mem 0xf0000000-0xf01fffff]
[    0.371147] pci 0000:00:02.0: Video device with shadowed ROM at [mem 0x000c0000-0x000dffff]
[    0.372580] pci 0000:00:03.0: [8086:100e] type 00 class 0x020000
[    0.374179] pci 0000:00:03.0: reg 0x10: [mem 0xf0200000-0xf021ffff]
[    0.378128] pci 0000:00:03.0: reg 0x18: [io  0xd020-0xd027]
[    0.385292] pci 0000:00:04.0: [80ee:cafe] type 00 class 0x088000
[    0.386236] pci 0000:00:04.0: reg 0x10: [io  0xd040-0xd05f]
[    0.387461] pci 0000:00:04.0: reg 0x14: [mem 0xf0400000-0xf07fffff]
[    0.390234] pci 0000:00:04.0: reg 0x18: [mem 0xf0800000-0xf0803fff pref]
[    0.400388] pci 0000:00:05.0: [8086:2415] type 00 class 0x040100
[    0.401233] pci 0000:00:05.0: reg 0x10: [io  0xd100-0xd1ff]
[    0.402159] pci 0000:00:05.0: reg 0x14: [io  0xd200-0xd23f]
[    0.402937] pci 0000:00:06.0: [106b:003f] type 00 class 0x0c0310
[    0.403995] pci 0000:00:06.0: reg 0x10: [mem 0xf0804000-0xf0804fff]
[    0.412483] pci 0000:00:07.0: [8086:7113] type 00 class 0x068000
[    0.413462] pci 0000:00:07.0: quirk: [io  0x4000-0x403f] claimed by PIIX4 ACPI
[    0.413889] pci 0000:00:07.0: quirk: [io  0x4100-0x410f] claimed by PIIX4 SMB
[    0.416704] ACPI: PCI: Interrupt link LNKA configured for IRQ 11
[    0.417172] ACPI: PCI: Interrupt link LNKB configured for IRQ 10
[    0.417586] ACPI: PCI: Interrupt link LNKC configured for IRQ 9
[    0.418125] ACPI: PCI: Interrupt link LNKD configured for IRQ 11
[    0.418847] iommu: Default domain type: Translated 
[    0.419104] iommu: DMA domain TLB invalidation policy: lazy mode 
[    0.419104] SCSI subsystem initialized
[    0.419138] libata version 3.00 loaded.
[    0.419198] ACPI: bus type USB registered
[    0.419485] usbcore: registered new interface driver usbfs
[    0.419734] usbcore: registered new interface driver hub
[    0.420005] usbcore: registered new device driver usb
[    0.420104] pps_core: LinuxPPS API ver. 1 registered
[    0.420104] pps_core: Software ver. 5.3.6 - Copyright 2005-2007 Rodolfo Giometti <giometti@linux.it>
[    0.420104] PTP clock support registered
[    0.420104] Advanced Linux Sound Architecture Driver Initialized.
[    0.420104] NetLabel: Initializing
[    0.420104] NetLabel:  domain hash size = 128
[    0.420104] NetLabel:  protocols = UNLABELED CIPSOv4 CALIPSO
[    0.420104] NetLabel:  unlabeled traffic allowed by default
[    0.420104] PCI: Using ACPI for IRQ routing
[    0.420104] PCI: pci_cache_line_size set to 64 bytes
[    0.423155] e820: reserve RAM buffer [mem 0x0009fc00-0x0009ffff]
[    0.423160] e820: reserve RAM buffer [mem 0x3fff0000-0x3fffffff]
[    0.423212] pci 0000:00:02.0: vgaarb: setting as boot VGA device
[    0.423495] pci 0000:00:02.0: vgaarb: bridge control possible
[    0.423798] pci 0000:00:02.0: vgaarb: VGA device added: decodes=io+mem,owns=io+mem,locks=none
[    0.424104] vgaarb: loaded
[    0.424104] clocksource: Switched to clocksource kvm-clock
[    0.424104] VFS: Disk quotas dquot_6.6.0
[    0.424104] VFS: Dquot-cache hash table entries: 512 (order 0, 4096 bytes)
[    0.424104] pnp: PnP ACPI init
[    0.424930] pnp: PnP ACPI: found 2 devices
[    0.431164] clocksource: acpi_pm: mask: 0xffffff max_cycles: 0xffffff, max_idle_ns: 2085701024 ns
[    0.432131] NET: Registered PF_INET protocol family
[    0.432131] IP idents hash table entries: 16384 (order: 5, 131072 bytes, linear)
[    0.432131] tcp_listen_portaddr_hash hash table entries: 512 (order: 1, 8192 bytes, linear)
[    0.432131] Table-perturb hash table entries: 65536 (order: 6, 262144 bytes, linear)
[    0.432131] TCP established hash table entries: 8192 (order: 4, 65536 bytes, linear)
[    0.432131] TCP bind hash table entries: 8192 (order: 6, 262144 bytes, linear)
[    0.432131] TCP: Hash tables configured (established 8192 bind 8192)
[    0.432131] UDP hash table entries: 512 (order: 2, 16384 bytes, linear)
[    0.432131] UDP-Lite hash table entries: 512 (order: 2, 16384 bytes, linear)
[    0.432131] NET: Registered PF_UNIX/PF_LOCAL protocol family
[    0.432131] RPC: Registered named UNIX socket transport module.
[    0.432131] RPC: Registered udp transport module.
[    0.432131] RPC: Registered tcp transport module.
[    0.432131] RPC: Registered tcp NFSv4.1 backchannel transport module.
[    0.432131] pci_bus 0000:00: resource 4 [io  0x0000-0x0cf7 window]
[    0.432131] pci_bus 0000:00: resource 5 [io  0x0d00-0xffff window]
[    0.432131] pci_bus 0000:00: resource 6 [mem 0x000a0000-0x000bffff window]
[    0.432131] pci_bus 0000:00: resource 7 [mem 0x40000000-0xfdffffff window]
[    0.439552] pci 0000:00:00.0: Limiting direct PCI/PCI transfers
[    0.441256] PCI: CLS 0 bytes, default 64
[    0.441554] RAPL PMU: API unit is 2^-32 Joules, 0 fixed counters, 10737418240 ms ovfl timer
[    0.441961] clocksource: tsc: mask: 0xffffffffffffffff max_cycles: 0x1fa37202099, max_idle_ns: 440795206796 ns
[    0.442114] clocksource: Switched to clocksource tsc
[    0.442114] platform rtc_cmos: registered platform RTC device (no PNP device found)
[    0.444700] Initialise system trusted keyrings
[    0.444700] workingset: timestamp_bits=56 max_order=18 bucket_order=0
[    0.444700] NFS: Registering the id_resolver key type
[    0.444700] Key type id_resolver registered
[    0.444700] Key type id_legacy registered
[    0.444700] 9p: Installing v9fs 9p2000 file system support
[    0.462728] Key type asymmetric registered
[    0.462728] Asymmetric key parser 'x509' registered
[    0.462728] Block layer SCSI generic (bsg) driver version 0.4 loaded (major 251)
[    0.462728] io scheduler mq-deadline registered
[    0.462728] io scheduler kyber registered
[    0.468611] ACPI: AC: AC Adapter [AC] (on-line)
[    0.468949] input: Power Button as /devices/LNXSYSTM:00/LNXPWRBN:00/input/input0
[    0.469320] ACPI: button: Power Button [PWRF]
[    0.469623] input: Sleep Button as /devices/LNXSYSTM:00/LNXSLPBN:00/input/input1
[    0.469977] ACPI: button: Sleep Button [SLPF]
[    0.470367] ACPI: video: Video Device [GFX0] (multi-head: yes  rom: no  post: no)
[    0.470755] input: Video Bus as /devices/LNXSYSTM:00/LNXSYBUS:00/PNP0A03:00/LNXVIDEO:00/input/input2
[    0.472311] ACPI: battery: Slot [BAT0] (battery present)
[    0.472913] Serial: 8250/16550 driver, 4 ports, IRQ sharing enabled
[    0.473154] Non-volatile memory driver v1.3
[    0.473154] Linux agpgart interface v0.103
[    0.473924] ACPI: bus type drm_connector registered
[    0.474888] loop: module loaded
[    0.474888] ata_piix 0000:00:01.1: version 2.13
[    0.475773] scsi host0: ata_piix
[    0.476030] scsi host1: ata_piix
[    0.476238] ata1: PATA max UDMA/33 cmd 0x1f0 ctl 0x3f6 bmdma 0xd000 irq 14
[    0.476256] ata2: PATA max UDMA/33 cmd 0x170 ctl 0x376 bmdma 0xd008 irq 15
[    0.476994] e100: Intel(R) PRO/100 Network Driver
[    0.477217] e100: Copyright(c) 1999-2006 Intel Corporation
[    0.477463] e1000: Intel(R) PRO/1000 Network Driver
[    0.477724] e1000: Copyright (c) 1999-2006 Intel Corporation.
[    0.634362] ata1.00: ATA-6: VBOX HARDDISK, 1.0, max UDMA/133
[    0.634623] ata1.00: 23146535 sectors, multi 128: LBA 
[    0.635254] scsi 0:0:0:0: Direct-Access     ATA      VBOX HARDDISK    1.0  PQ: 0 ANSI: 5
[    0.635800] sd 0:0:0:0: [sda] 23146535 512-byte logical blocks: (11.9 GB/11.0 GiB)
[    0.636130] sd 0:0:0:0: [sda] Write Protect is off
[    0.636130] sd 0:0:0:0: [sda] Mode Sense: 00 3a 00 00
[    0.636130] sd 0:0:0:0: [sda] Write cache: enabled, read cache: enabled, doesn't support DPO or FUA
[    0.636130] sd 0:0:0:0: [sda] Preferred minimum I/O size 512 bytes
[    0.637402] sd 0:0:0:0: Attached scsi generic sg0 type 0
[    0.637961] ata2.00: ATAPI: VBOX CD-ROM, 1.0, max UDMA/133
[    0.640043] scsi 1:0:0:0: CD-ROM            VBOX     CD-ROM           1.0  PQ: 0 ANSI: 5
[    0.651839] sr 1:0:0:0: [sr0] scsi3-mmc drive: 32x/32x xa/form2 tray
[    0.652120] cdrom: Uniform CD-ROM driver Revision: 3.20
[    0.657856]  sda: sda1 sda2 sda3 sda4 sda5
[    0.658104] sd 0:0:0:0: [sda] Attached SCSI disk
[    0.668696] sr 1:0:0:0: Attached scsi CD-ROM sr0
[    0.669207] sr 1:0:0:0: Attached scsi generic sg1 type 5
[    0.834187] e1000 0000:00:03.0 eth0: (PCI:33MHz:32-bit) 08:00:27:11:f0:93
[    0.834187] e1000 0000:00:03.0 eth0: Intel(R) PRO/1000 Network Connection
[    0.834187] e1000e: Intel(R) PRO/1000 Network Driver
[    0.834187] e1000e: Copyright(c) 1999 - 2015 Intel Corporation.
[    0.834187] sky2: driver version 1.30
[    0.836910] ohci-pci 0000:00:06.0: OHCI PCI host controller
[    0.837278] ohci-pci 0000:00:06.0: new USB bus registered, assigned bus number 1
[    0.841323] ohci-pci 0000:00:06.0: irq 22, io mem 0xf0804000
[    0.893670] usb usb1: New USB device found, idVendor=1d6b, idProduct=0001, bcdDevice= 6.04
[    0.894177] usb usb1: New USB device strings: Mfr=3, Product=2, SerialNumber=1
[    0.894177] usb usb1: Product: OHCI PCI host controller
[    0.894177] usb usb1: Manufacturer: Linux 6.4.0-rc3-thor_kernel-g44c026a73be8-dirty ohci_hcd
[    0.894177] usb usb1: SerialNumber: 0000:00:06.0
[    0.894177] hub 1-0:1.0: USB hub found
[    0.894177] hub 1-0:1.0: 12 ports detected
[    0.897371] usbcore: registered new interface driver usblp
[    0.897624] usbcore: registered new interface driver usb-storage
[    0.897937] i8042: PNP: PS/2 Controller [PNP0303:PS2K,PNP0f03:PS2M] at 0x60,0x64 irq 1,12
[    0.898863] serio: i8042 KBD port at 0x60,0x64 irq 1
[    0.899121] serio: i8042 AUX port at 0x60,0x64 irq 12
[    0.901351] input: AT Translated Set 2 keyboard as /devices/platform/i8042/serio0/input/input3
[    0.903800] rtc_cmos rtc_cmos: registered as rtc0
[    0.904117] rtc_cmos rtc_cmos: alarms up to one day, 114 bytes nvram
[    0.904442] fail to initialize ptp_kvm
[    0.904487] device-mapper: ioctl: 4.48.0-ioctl (2023-03-01) initialised: dm-devel@redhat.com
[    0.905079] intel_pstate: CPU model not supported
[    0.905079] hid: raw HID events driver (C) Jiri Kosina
[    0.905079] usbcore: registered new interface driver usbhid
[    0.905079] usbhid: USB HID core driver
[    0.906766] Initializing XFRM netlink socket
[    0.906992] NET: Registered PF_INET6 protocol family
[    0.908190] Segment Routing with IPv6
[    0.908394] In-situ OAM (IOAM) with IPv6
[    0.908447] sit: IPv6, IPv4 and MPLS over IPv4 tunneling driver
[    0.908447] NET: Registered PF_PACKET protocol family
[    0.908447] 9pnet: Installing 9P2000 support
[    0.908447] Key type dns_resolver registered
[    0.908447] IPI shorthand broadcast: enabled
[    0.908447] sched_clock: Marking stable (868386491, 39060980)->(913094610, -5647139)
[    0.912924] registered taskstats version 1
[    0.913158] Loading compiled-in X.509 certificates
[    0.914497] PM:   Magic number: 7:203:684
[    0.914749] mem full: hash matches
[    0.914951] printk: console [netcon0] enabled
[    0.915165] netconsole: network logging started
[    0.915472] cfg80211: Loading compiled-in X.509 certificates for regulatory database
[    0.915938] kworker/u2:1 (44) used greatest stack depth: 14872 bytes left
[    0.916499] Loaded X.509 cert 'sforshee: 00b28ddf47aef9cea7'
[    0.916755] ALSA device list:
[    0.916931]   No soundcards found.
[    0.917154] platform regulatory.0: Direct firmware load for regulatory.db failed with error -2
[    0.917555] cfg80211: failed to load regulatory.db
[    1.113749] input: ImExPS/2 Generic Explorer Mouse as /devices/platform/i8042/serio1/input/input5
[    1.114471] md: Waiting for all devices to be available before autodetect
[    1.114760] md: If you don't use raid, use raid=noautodetect
[    1.115012] md: Autodetecting RAID arrays.
[    1.115217] md: autorun ...
[    1.115432] md: ... autorun DONE.
[    1.174141] usb 1-1: new full-speed USB device number 2 using ohci-pci
[    1.200022] EXT4-fs (sda1): orphan cleanup on readonly fs
[    1.200749] EXT4-fs (sda1): mounted filesystem 0ce49283-6822-4b1d-b1fc-c7530872337d ro with ordered data mode. Quota mode: none.
[    1.201345] VFS: Mounted root (ext4 filesystem) readonly on device 8:1.
[    1.203515] devtmpfs: mounted
[    1.204305] Freeing unused kernel image (initmem) memory: 2596K
[    1.204726] Write protecting the kernel read-only data: 26624k
[    1.206312] Freeing unused kernel image (rodata/data gap) memory: 1836K
[    1.263445] x86/mm: Checked W+X mappings: passed, no W+X pages found.
[    1.263745] x86/mm: Checking user space page tables
[    1.313261] x86/mm: Checked W+X mappings: passed, no W+X pages found.
[    1.313676] Run /sbin/init as init process
[    1.313941]   with arguments:
[    1.313942]     /sbin/init
[    1.313943]   with environment:
[    1.313944]     HOME=/
[    1.313944]     TERM=linux
[    1.313945]     BOOT_IMAGE=/vmlinuz-6.4-rc3-thor_kernel
[    1.371918] stty (52) used greatest stack depth: 13792 bytes left
[    1.379773] dmesg (53) used greatest stack depth: 13600 bytes left
[    1.484209] ip (109) used greatest stack depth: 13464 bytes left
[    1.485685] ip (110) used greatest stack depth: 12984 bytes left
[    1.517546] usb 1-1: New USB device found, idVendor=80ee, idProduct=0021, bcdDevice= 1.00
[    1.518008] usb 1-1: New USB device strings: Mfr=1, Product=3, SerialNumber=0
[    1.518359] usb 1-1: Product: USB Tablet
[    1.518633] usb 1-1: Manufacturer: VirtualBox
[    1.530003] input: VirtualBox USB Tablet as /devices/pci0000:00/0000:00:06.0/usb1/1-1/1-1:1.0/0003:80EE:0021.0001/input/input6
[    1.530733] hid-generic 0003:80EE:0021.0001: input,hidraw0: USB HID v1.10 Mouse [VirtualBox USB Tablet] on usb-0000:00:06.0-1/input0
[    1.538108] udevd[135]: starting version 3.2.11
[    1.561780] udevd[136]: starting eudev-3.2.11
[    1.646465] e1000 0000:00:03.0 enp0s3: renamed from eth0
[    2.658762] Adding 1022972k swap on /dev/sda4.  Priority:1 extents:1 across:1022972k 
[    2.681563] EXT4-fs (sda1): re-mounted 0ce49283-6822-4b1d-b1fc-c7530872337d ro. Quota mode: none.
[    2.728671] EXT4-fs (sda1): re-mounted 0ce49283-6822-4b1d-b1fc-c7530872337d r/w. Quota mode: none.
[    2.761472] EXT4-fs (sda2): mounted filesystem 0b10cff0-42fc-4f3c-9e6e-ca7cf97db722 r/w with ordered data mode. Quota mode: none.
[    2.835399] EXT4-fs (sda3): mounted filesystem e805185b-4907-4295-a056-cf846ee7fbda r/w with ordered data mode. Quota mode: none.
[    3.880704] e1000: enp0s3 NIC Link is Up 1000 Mbps Full Duplex, Flow Control: RX
[    3.881495] IPv6: ADDRCONF(NETDEV_CHANGE): enp0s3: link becomes ready
