[    0.000000] Linux version 6.4.0-rc3-thor_kernel-g44c026a73be8-dirty (root@rkowalsk) (gcc (GCC) 12.2.0, GNU ld (GNU Binutils) 2.40) #1 SMP PREEMPT_DYNAMIC Wed May 24 14:25:02 CEST 2023
[    0.000000] Command line: BOOT_IMAGE=/vmlinuz-6.4-rc3-thor_kernel root=/dev/sda1 ro
[    0.000000] x86/fpu: Supporting XSAVE feature 0x001: 'x87 floating point registers'
[    0.000000] x86/fpu: Supporting XSAVE feature 0x002: 'SSE registers'
[    0.000000] x86/fpu: Supporting XSAVE feature 0x004: 'AVX registers'
[    0.000000] x86/fpu: xstate_offset[2]:  576, xstate_sizes[2]:  256
[    0.000000] x86/fpu: Enabled xstate features 0x7, context size is 832 bytes, using 'standard' format.
[    0.000000] signal: max sigframe size: 1776
[    0.000000] BIOS-provided physical RAM map:
[    0.000000] BIOS-e820: [mem 0x0000000000000000-0x000000000009fbff] usable
[    0.000000] BIOS-e820: [mem 0x000000000009fc00-0x000000000009ffff] reserved
[    0.000000] BIOS-e820: [mem 0x00000000000f0000-0x00000000000fffff] reserved
[    0.000000] BIOS-e820: [mem 0x0000000000100000-0x000000003ffeffff] usable
[    0.000000] BIOS-e820: [mem 0x000000003fff0000-0x000000003fffffff] ACPI data
[    0.000000] BIOS-e820: [mem 0x00000000fec00000-0x00000000fec00fff] reserved
[    0.000000] BIOS-e820: [mem 0x00000000fee00000-0x00000000fee00fff] reserved
[    0.000000] BIOS-e820: [mem 0x00000000fffc0000-0x00000000ffffffff] reserved
[    0.000000] NX (Execute Disable) protection: active
[    0.000000] SMBIOS 2.5 present.
[    0.000000] DMI: innotek GmbH VirtualBox/VirtualBox, BIOS VirtualBox 12/01/2006
[    0.000000] Hypervisor detected: KVM
[    0.000000] kvm-clock: Using msrs 4b564d01 and 4b564d00
[    0.000002] kvm-clock: using sched offset of 8027388537 cycles
[    0.000007] clocksource: kvm-clock: mask: 0xffffffffffffffff max_cycles: 0x1cd42e4dffb, max_idle_ns: 881590591483 ns
[    0.000012] tsc: Detected 2194.918 MHz processor
[    0.000920] e820: update [mem 0x00000000-0x00000fff] usable ==> reserved
[    0.000925] e820: remove [mem 0x000a0000-0x000fffff] usable
[    0.000930] last_pfn = 0x3fff0 max_arch_pfn = 0x400000000
[    0.000940] MTRRs disabled by BIOS
[    0.000943] x86/PAT: Configuration [0-7]: WB  WC  UC- UC  WB  WP  UC- WT  
[    0.001030] found SMP MP-table at [mem 0x0009fff0-0x0009ffff]
[    0.001218] ACPI: Early table checksum verification disabled
[    0.001223] ACPI: RSDP 0x00000000000E0000 000024 (v02 VBOX  )
[    0.001229] ACPI: XSDT 0x000000003FFF0030 00003C (v01 VBOX   VBOXXSDT 00000001 ASL  00000061)
[    0.001235] ACPI: FACP 0x000000003FFF00F0 0000F4 (v04 VBOX   VBOXFACP 00000001 ASL  00000061)
[    0.001242] ACPI: DSDT 0x000000003FFF0610 002353 (v02 VBOX   VBOXBIOS 00000002 INTL 20200925)
[    0.001246] ACPI: FACS 0x000000003FFF0200 000040
[    0.001249] ACPI: FACS 0x000000003FFF0200 000040
[    0.001252] ACPI: APIC 0x000000003FFF0240 000054 (v02 VBOX   VBOXAPIC 00000001 ASL  00000061)
[    0.001256] ACPI: SSDT 0x000000003FFF02A0 00036C (v01 VBOX   VBOXCPUT 00000002 INTL 20200925)
[    0.001258] ACPI: Reserving FACP table memory at [mem 0x3fff00f0-0x3fff01e3]
[    0.001260] ACPI: Reserving DSDT table memory at [mem 0x3fff0610-0x3fff2962]
[    0.001261] ACPI: Reserving FACS table memory at [mem 0x3fff0200-0x3fff023f]
[    0.001262] ACPI: Reserving FACS table memory at [mem 0x3fff0200-0x3fff023f]
[    0.001262] ACPI: Reserving APIC table memory at [mem 0x3fff0240-0x3fff0293]
[    0.001263] ACPI: Reserving SSDT table memory at [mem 0x3fff02a0-0x3fff060b]
[    0.001441] No NUMA configuration found
[    0.001442] Faking a node at [mem 0x0000000000000000-0x000000003ffeffff]
[    0.001445] NODE_DATA(0) allocated [mem 0x3ffec000-0x3ffeffff]
[    0.001459] Zone ranges:
[    0.001460]   DMA      [mem 0x0000000000001000-0x0000000000ffffff]
[    0.001461]   DMA32    [mem 0x0000000001000000-0x000000003ffeffff]
[    0.001463]   Normal   empty
[    0.001464] Movable zone start for each node
[    0.001465] Early memory node ranges
[    0.001465]   node   0: [mem 0x0000000000001000-0x000000000009efff]
[    0.001467]   node   0: [mem 0x0000000000100000-0x000000003ffeffff]
[    0.001468] Initmem setup node 0 [mem 0x0000000000001000-0x000000003ffeffff]
[    0.002107] On node 0, zone DMA: 1 pages in unavailable ranges
[    0.002153] On node 0, zone DMA: 97 pages in unavailable ranges
[    0.006709] On node 0, zone DMA32: 16 pages in unavailable ranges
[    0.007146] ACPI: PM-Timer IO Port: 0x4008
[    0.007221] IOAPIC[0]: apic_id 1, version 32, address 0xfec00000, GSI 0-23
[    0.007226] ACPI: INT_SRC_OVR (bus 0 bus_irq 0 global_irq 2 dfl dfl)
[    0.007228] ACPI: INT_SRC_OVR (bus 0 bus_irq 9 global_irq 9 low level)
[    0.007233] ACPI: Using ACPI (MADT) for SMP configuration information
[    0.007241] smpboot: Allowing 1 CPUs, 0 hotplug CPUs
[    0.007266] PM: hibernation: Registered nosave memory: [mem 0x00000000-0x00000fff]
[    0.007268] PM: hibernation: Registered nosave memory: [mem 0x0009f000-0x0009ffff]
[    0.007269] PM: hibernation: Registered nosave memory: [mem 0x000a0000-0x000effff]
[    0.007269] PM: hibernation: Registered nosave memory: [mem 0x000f0000-0x000fffff]
[    0.007271] [mem 0x40000000-0xfebfffff] available for PCI devices
[    0.007272] Booting paravirtualized kernel on KVM
[    0.007275] clocksource: refined-jiffies: mask: 0xffffffff max_cycles: 0xffffffff, max_idle_ns: 1910969940391419 ns
[    0.013838] setup_percpu: NR_CPUS:64 nr_cpumask_bits:1 nr_cpu_ids:1 nr_node_ids:1
[    0.014932] percpu: Embedded 54 pages/cpu s182760 r8192 d30232 u2097152
[    0.014941] pcpu-alloc: s182760 r8192 d30232 u2097152 alloc=1*2097152
[    0.014944] pcpu-alloc: [0] 0 
[    0.014967] Kernel command line: BOOT_IMAGE=/vmlinuz-6.4-rc3-thor_kernel root=/dev/sda1 ro
[    0.015006] Unknown kernel command line parameters "BOOT_IMAGE=/vmlinuz-6.4-rc3-thor_kernel", will be passed to user space.
[    0.015042] random: crng init done
[    0.015277] Dentry cache hash table entries: 131072 (order: 8, 1048576 bytes, linear)
[    0.015391] Inode-cache hash table entries: 65536 (order: 7, 524288 bytes, linear)
[    0.015442] Fallback order for Node 0: 0 
[    0.015446] Built 1 zonelists, mobility grouping on.  Total pages: 257776
[    0.015448] Policy zone: DMA32
[    0.015449] mem auto-init: stack:all(zero), heap alloc:off, heap free:off
[    0.020253] Memory: 990048K/1048120K available (18432K kernel code, 2720K rwdata, 6356K rodata, 2596K init, 1668K bss, 57812K reserved, 0K cma-reserved)
[    0.020299] SLUB: HWalign=64, Order=0-3, MinObjects=0, CPUs=1, Nodes=1
[    0.020313] Kernel/User page tables isolation: enabled
[    0.021633] Dynamic Preempt: voluntary
[    0.021657] rcu: Preemptible hierarchical RCU implementation.
[    0.021658] rcu: 	RCU event tracing is enabled.
[    0.021661] rcu: 	RCU restricting CPUs from NR_CPUS=64 to nr_cpu_ids=1.
[    0.021663] 	Trampoline variant of Tasks RCU enabled.
[    0.021664] rcu: RCU calculated value of scheduler-enlistment delay is 100 jiffies.
[    0.021665] rcu: Adjusting geometry for rcu_fanout_leaf=16, nr_cpu_ids=1
[    0.023206] NR_IRQS: 4352, nr_irqs: 256, preallocated irqs: 16
[    0.023378] rcu: srcu_init: Setting srcu_struct sizes based on contention.
[    0.028757] Console: colour VGA+ 80x25
[    0.028761] printk: console [tty0] enabled
[    0.057167] ACPI: Core revision 20230331
[    0.057489] APIC: Switch to symmetric I/O mode setup
[    0.057964] x2apic enabled
[    0.058356] Switched APIC routing to physical x2apic.
[    0.059668] ..TIMER: vector=0x30 apic1=0 pin1=2 apic2=-1 pin2=-1
[    0.059952] clocksource: tsc-early: mask: 0xffffffffffffffff max_cycles: 0x1fa37202099, max_idle_ns: 440795206796 ns
[    0.060403] Calibrating delay loop (skipped) preset value.. 4389.83 BogoMIPS (lpj=2194918)
[    0.060826] pid_max: default: 32768 minimum: 301
[    0.061095] LSM: initializing lsm=capability,selinux,integrity
[    0.061358] SELinux:  Initializing.
[    0.061398] Mount-cache hash table entries: 2048 (order: 2, 16384 bytes, linear)
[    0.061398] Mountpoint-cache hash table entries: 2048 (order: 2, 16384 bytes, linear)
[    0.061398] process: using mwait in idle threads
[    0.061398] Last level iTLB entries: 4KB 64, 2MB 8, 4MB 8
[    0.061398] Last level dTLB entries: 4KB 64, 2MB 0, 4MB 0, 1GB 4
[    0.061398] Spectre V1 : Mitigation: usercopy/swapgs barriers and __user pointer sanitization
[    0.061398] Spectre V2 : Mitigation: Retpolines
[    0.061398] Spectre V2 : Spectre v2 / SpectreRSB mitigation: Filling RSB on context switch
[    0.061398] Spectre V2 : Spectre v2 / SpectreRSB : Filling RSB on VMEXIT
[    0.061416] Speculative Store Bypass: Vulnerable
[    0.061721] MDS: Mitigation: Clear CPU buffers
[    0.062038] MMIO Stale Data: Unknown: No mitigations
[    0.062398] SRBDS: Unknown: Dependent on hypervisor status
[    0.089936] Freeing SMP alternatives memory: 48K
[    0.196635] APIC calibration not consistent with PM-Timer: 102ms instead of 100ms
[    0.197174] APIC delta adjusted to PM-Timer: 6261919 (6428162)
[    0.197398] smpboot: CPU0: Intel(R) Core(TM) i5-5200U CPU @ 2.20GHz (family: 0x6, model: 0x3d, stepping: 0x4)
[    0.197398] cblist_init_generic: Setting adjustable number of callback queues.
[    0.197398] cblist_init_generic: Setting shift to 0 and lim to 1.
[    0.197398] Performance Events: unsupported p6 CPU model 61 no PMU driver, software events only.
[    0.197398] rcu: Hierarchical SRCU implementation.
[    0.197398] rcu: 	Max phase no-delay instances is 400.
[    0.197398] smp: Bringing up secondary CPUs ...
[    0.197398] smp: Brought up 1 node, 1 CPU
[    0.197398] smpboot: Max logical packages: 1
[    0.197398] smpboot: Total of 1 processors activated (4389.83 BogoMIPS)
[    0.197398] devtmpfs: initialized
[    0.197398] clocksource: jiffies: mask: 0xffffffff max_cycles: 0xffffffff, max_idle_ns: 1911260446275000 ns
[    0.197398] futex hash table entries: 256 (order: 2, 16384 bytes, linear)
[    0.197403] PM: RTC time: 08:47:17, date: 2023-05-31
[    0.197707] NET: Registered PF_NETLINK/PF_ROUTE protocol family
[    0.198036] audit: initializing netlink subsys (disabled)
[    0.198381] thermal_sys: Registered thermal governor 'step_wise'
[    0.198383] thermal_sys: Registered thermal governor 'user_space'
[    0.198398] cpuidle: using governor menu
[    0.198439] PCI: Using configuration type 1 for base access
[    0.198811] kprobes: kprobe jump-optimization is enabled. All kprobes are optimized if possible.
[    0.199246] audit: type=2000 audit(1685522846.556:1): state=initialized audit_enabled=0 res=1
[    0.313729] HugeTLB: registered 2.00 MiB page size, pre-allocated 0 pages
[    0.314035] HugeTLB: 28 KiB vmemmap can be freed for a 2.00 MiB page
[    0.314398] ACPI: Added _OSI(Module Device)
[    0.314398] ACPI: Added _OSI(Processor Device)
[    0.314398] ACPI: Added _OSI(3.0 _SCP Extensions)
[    0.314398] ACPI: Added _OSI(Processor Aggregator Device)
[    0.316236] ACPI: 2 ACPI AML tables successfully acquired and loaded
[    0.317613] ACPI: Interpreter enabled
[    0.317831] ACPI: PM: (supports S0 S5)
[    0.318030] ACPI: Using IOAPIC for interrupt routing
[    0.318398] PCI: Using host bridge windows from ACPI; if necessary, use "pci=nocrs" and report a bug
[    0.318398] PCI: Using E820 reservations for host bridge windows
[    0.318398] ACPI: Enabled 2 GPEs in block 00 to 07
[    0.322694] ACPI: PCI Root Bridge [PCI0] (domain 0000 [bus 00-ff])
[    0.322971] acpi PNP0A03:00: _OSC: OS supports [ASPM ClockPM Segments MSI HPX-Type3]
[    0.323341] acpi PNP0A03:00: _OSC: not requesting OS control; OS requires [ExtendedConfig ASPM ClockPM MSI]
[    0.323398] acpi PNP0A03:00: fail to add MMCONFIG information, can't access extended configuration space under this bridge
[    0.323478] PCI host bridge to bus 0000:00
[    0.323692] pci_bus 0000:00: root bus resource [io  0x0000-0x0cf7 window]
[    0.323976] pci_bus 0000:00: root bus resource [io  0x0d00-0xffff window]
[    0.324261] pci_bus 0000:00: root bus resource [mem 0x000a0000-0x000bffff window]
[    0.324398] pci_bus 0000:00: root bus resource [mem 0x40000000-0xfdffffff window]
[    0.324398] pci_bus 0000:00: root bus resource [bus 00-ff]
[    0.325404] pci 0000:00:00.0: [8086:1237] type 00 class 0x060000
[    0.326744] pci 0000:00:01.0: [8086:7000] type 00 class 0x060100
[    0.328640] pci 0000:00:01.1: [8086:7111] type 00 class 0x01018a
[    0.329560] pci 0000:00:01.1: reg 0x20: [io  0xd000-0xd00f]
[    0.329932] pci 0000:00:01.1: legacy IDE quirk: reg 0x10: [io  0x01f0-0x01f7]
[    0.330264] pci 0000:00:01.1: legacy IDE quirk: reg 0x14: [io  0x03f6]
[    0.330398] pci 0000:00:01.1: legacy IDE quirk: reg 0x18: [io  0x0170-0x0177]
[    0.330398] pci 0000:00:01.1: legacy IDE quirk: reg 0x1c: [io  0x0376]
[    0.330529] pci 0000:00:02.0: [15ad:0405] type 00 class 0x030000
[    0.331690] pci 0000:00:02.0: reg 0x10: [io  0xd010-0xd01f]
[    0.333677] pci 0000:00:02.0: reg 0x14: [mem 0xe0000000-0xe0ffffff pref]
[    0.335679] pci 0000:00:02.0: reg 0x18: [mem 0xf0000000-0xf01fffff]
[    0.340778] pci 0000:00:02.0: Video device with shadowed ROM at [mem 0x000c0000-0x000dffff]
[    0.341673] pci 0000:00:03.0: [8086:100e] type 00 class 0x020000
[    0.343522] pci 0000:00:03.0: reg 0x10: [mem 0xf0200000-0xf021ffff]
[    0.345580] pci 0000:00:03.0: reg 0x18: [io  0xd020-0xd027]
[    0.351606] pci 0000:00:04.0: [80ee:cafe] type 00 class 0x088000
[    0.353474] pci 0000:00:04.0: reg 0x10: [io  0xd040-0xd05f]
[    0.354482] pci 0000:00:04.0: reg 0x14: [mem 0xf0400000-0xf07fffff]
[    0.355467] pci 0000:00:04.0: reg 0x18: [mem 0xf0800000-0xf0803fff pref]
[    0.360444] pci 0000:00:05.0: [8086:2415] type 00 class 0x040100
[    0.361430] pci 0000:00:05.0: reg 0x10: [io  0xd100-0xd1ff]
[    0.361735] pci 0000:00:05.0: reg 0x14: [io  0xd200-0xd23f]
[    0.362835] pci 0000:00:06.0: [106b:003f] type 00 class 0x0c0310
[    0.365621] pci 0000:00:06.0: reg 0x10: [mem 0xf0804000-0xf0804fff]
[    0.373445] pci 0000:00:07.0: [8086:7113] type 00 class 0x068000
[    0.374736] pci 0000:00:07.0: quirk: [io  0x4000-0x403f] claimed by PIIX4 ACPI
[    0.375400] pci 0000:00:07.0: quirk: [io  0x4100-0x410f] claimed by PIIX4 SMB
[    0.376445] pci 0000:00:0b.0: [8086:265c] type 00 class 0x0c0320
[    0.377534] pci 0000:00:0b.0: reg 0x10: [mem 0xf0805000-0xf0805fff]
[    0.387872] ACPI: PCI: Interrupt link LNKA configured for IRQ 11
[    0.388467] ACPI: PCI: Interrupt link LNKB configured for IRQ 10
[    0.388806] ACPI: PCI: Interrupt link LNKC configured for IRQ 9
[    0.389460] ACPI: PCI: Interrupt link LNKD configured for IRQ 11
[    0.389911] iommu: Default domain type: Translated 
[    0.390146] iommu: DMA domain TLB invalidation policy: lazy mode 
[    0.390398] SCSI subsystem initialized
[    0.390398] libata version 3.00 loaded.
[    0.390398] ACPI: bus type USB registered
[    0.390398] usbcore: registered new interface driver usbfs
[    0.390398] usbcore: registered new interface driver hub
[    0.390398] usbcore: registered new device driver usb
[    0.390398] pps_core: LinuxPPS API ver. 1 registered
[    0.390398] pps_core: Software ver. 5.3.6 - Copyright 2005-2007 Rodolfo Giometti <giometti@linux.it>
[    0.390398] PTP clock support registered
[    0.390422] Advanced Linux Sound Architecture Driver Initialized.
[    0.391141] NetLabel: Initializing
[    0.391398] NetLabel:  domain hash size = 128
[    0.391398] NetLabel:  protocols = UNLABELED CIPSOv4 CALIPSO
[    0.391398] NetLabel:  unlabeled traffic allowed by default
[    0.391398] PCI: Using ACPI for IRQ routing
[    0.391398] PCI: pci_cache_line_size set to 64 bytes
[    0.391546] e820: reserve RAM buffer [mem 0x0009fc00-0x0009ffff]
[    0.391552] e820: reserve RAM buffer [mem 0x3fff0000-0x3fffffff]
[    0.391596] pci 0000:00:02.0: vgaarb: setting as boot VGA device
[    0.391881] pci 0000:00:02.0: vgaarb: bridge control possible
[    0.392211] pci 0000:00:02.0: vgaarb: VGA device added: decodes=io+mem,owns=io+mem,locks=none
[    0.392398] vgaarb: loaded
[    0.392398] clocksource: Switched to clocksource kvm-clock
[    0.392398] VFS: Disk quotas dquot_6.6.0
[    0.392398] VFS: Dquot-cache hash table entries: 512 (order 0, 4096 bytes)
[    0.392398] pnp: PnP ACPI init
[    0.393541] pnp: PnP ACPI: found 2 devices
[    0.399676] clocksource: acpi_pm: mask: 0xffffff max_cycles: 0xffffff, max_idle_ns: 2085701024 ns
[    0.400262] NET: Registered PF_INET protocol family
[    0.400553] IP idents hash table entries: 16384 (order: 5, 131072 bytes, linear)
[    0.400671] tcp_listen_portaddr_hash hash table entries: 512 (order: 1, 8192 bytes, linear)
[    0.400671] Table-perturb hash table entries: 65536 (order: 6, 262144 bytes, linear)
[    0.400671] TCP established hash table entries: 8192 (order: 4, 65536 bytes, linear)
[    0.400671] TCP bind hash table entries: 8192 (order: 6, 262144 bytes, linear)
[    0.400671] TCP: Hash tables configured (established 8192 bind 8192)
[    0.400671] UDP hash table entries: 512 (order: 2, 16384 bytes, linear)
[    0.400671] UDP-Lite hash table entries: 512 (order: 2, 16384 bytes, linear)
[    0.400671] NET: Registered PF_UNIX/PF_LOCAL protocol family
[    0.400671] RPC: Registered named UNIX socket transport module.
[    0.400671] RPC: Registered udp transport module.
[    0.400671] RPC: Registered tcp transport module.
[    0.400671] RPC: Registered tcp NFSv4.1 backchannel transport module.
[    0.400671] pci_bus 0000:00: resource 4 [io  0x0000-0x0cf7 window]
[    0.400671] pci_bus 0000:00: resource 5 [io  0x0d00-0xffff window]
[    0.400671] pci_bus 0000:00: resource 6 [mem 0x000a0000-0x000bffff window]
[    0.400671] pci_bus 0000:00: resource 7 [mem 0x40000000-0xfdffffff window]
[    0.406858] pci 0000:00:00.0: Limiting direct PCI/PCI transfers
[    0.409866] PCI: CLS 0 bytes, default 64
[    0.410191] RAPL PMU: API unit is 2^-32 Joules, 0 fixed counters, 10737418240 ms ovfl timer
[    0.410606] clocksource: tsc: mask: 0xffffffffffffffff max_cycles: 0x1fa37202099, max_idle_ns: 440795206796 ns
[    0.411042] clocksource: Switched to clocksource tsc
[    0.411146] platform rtc_cmos: registered platform RTC device (no PNP device found)
[    0.411146] Initialise system trusted keyrings
[    0.411146] workingset: timestamp_bits=56 max_order=18 bucket_order=0
[    0.411146] NFS: Registering the id_resolver key type
[    0.411146] Key type id_resolver registered
[    0.411146] Key type id_legacy registered
[    0.411146] 9p: Installing v9fs 9p2000 file system support
[    0.430406] Key type asymmetric registered
[    0.430406] Asymmetric key parser 'x509' registered
[    0.430406] Block layer SCSI generic (bsg) driver version 0.4 loaded (major 251)
[    0.430406] io scheduler mq-deadline registered
[    0.430406] io scheduler kyber registered
[    0.436548] ACPI: AC: AC Adapter [AC] (off-line)
[    0.436816] input: Power Button as /devices/LNXSYSTM:00/LNXPWRBN:00/input/input0
[    0.437198] ACPI: button: Power Button [PWRF]
[    0.437507] input: Sleep Button as /devices/LNXSYSTM:00/LNXSLPBN:00/input/input1
[    0.437915] ACPI: button: Sleep Button [SLPF]
[    0.438319] ACPI: video: Video Device [GFX0] (multi-head: yes  rom: no  post: no)
[    0.438923] input: Video Bus as /devices/LNXSYSTM:00/LNXSYBUS:00/PNP0A03:00/LNXVIDEO:00/input/input2
[    0.440129] ACPI: battery: Slot [BAT0] (battery present)
[    0.440459] Serial: 8250/16550 driver, 4 ports, IRQ sharing enabled
[    0.440932] Non-volatile memory driver v1.3
[    0.440932] Linux agpgart interface v0.103
[    0.441462] ACPI: bus type drm_connector registered
[    0.442427] loop: module loaded
[    0.442427] ata_piix 0000:00:01.1: version 2.13
[    0.443172] scsi host0: ata_piix
[    0.443428] scsi host1: ata_piix
[    0.443641] ata1: PATA max UDMA/33 cmd 0x1f0 ctl 0x3f6 bmdma 0xd000 irq 14
[    0.443930] ata2: PATA max UDMA/33 cmd 0x170 ctl 0x376 bmdma 0xd008 irq 15
[    0.443943] e100: Intel(R) PRO/100 Network Driver
[    0.443943] e100: Copyright(c) 1999-2006 Intel Corporation
[    0.443943] e1000: Intel(R) PRO/1000 Network Driver
[    0.443943] e1000: Copyright (c) 1999-2006 Intel Corporation.
[    0.600255] ata1.00: ATA-6: VBOX HARDDISK, 1.0, max UDMA/133
[    0.600526] ata1.00: 23146535 sectors, multi 128: LBA 
[    0.601135] scsi 0:0:0:0: Direct-Access     ATA      VBOX HARDDISK    1.0  PQ: 0 ANSI: 5
[    0.601662] sd 0:0:0:0: [sda] 23146535 512-byte logical blocks: (11.9 GB/11.0 GiB)
[    0.602021] sd 0:0:0:0: [sda] Write Protect is off
[    0.602021] sd 0:0:0:0: [sda] Mode Sense: 00 3a 00 00
[    0.602021] sd 0:0:0:0: [sda] Write cache: enabled, read cache: enabled, doesn't support DPO or FUA
[    0.602021] sd 0:0:0:0: [sda] Preferred minimum I/O size 512 bytes
[    0.603309] sd 0:0:0:0: Attached scsi generic sg0 type 0
[    0.609210] ata2.00: ATAPI: VBOX CD-ROM, 1.0, max UDMA/133
[    0.610327] scsi 1:0:0:0: CD-ROM            VBOX     CD-ROM           1.0  PQ: 0 ANSI: 5
[    0.626736] sr 1:0:0:0: [sr0] scsi3-mmc drive: 32x/32x xa/form2 tray
[    0.626963] cdrom: Uniform CD-ROM driver Revision: 3.20
[    0.636839]  sda: sda1 sda2 sda3 sda4 sda5
[    0.637566] sr 1:0:0:0: Attached scsi CD-ROM sr0
[    0.637781] sr 1:0:0:0: Attached scsi generic sg1 type 5
[    0.638445] sd 0:0:0:0: [sda] Attached SCSI disk
[    0.805194] e1000 0000:00:03.0 eth0: (PCI:33MHz:32-bit) 08:00:27:11:f0:93
[    0.805194] e1000 0000:00:03.0 eth0: Intel(R) PRO/1000 Network Connection
[    0.805194] e1000e: Intel(R) PRO/1000 Network Driver
[    0.805194] e1000e: Copyright(c) 1999 - 2015 Intel Corporation.
[    0.805194] sky2: driver version 1.30
[    0.810547] ohci-pci 0000:00:06.0: OHCI PCI host controller
[    0.810841] ohci-pci 0000:00:06.0: new USB bus registered, assigned bus number 1
[    0.811123] ohci-pci 0000:00:06.0: irq 22, io mem 0xf0804000
[    0.865149] usb usb1: New USB device found, idVendor=1d6b, idProduct=0001, bcdDevice= 6.04
[    0.865715] usb usb1: New USB device strings: Mfr=3, Product=2, SerialNumber=1
[    0.866003] usb usb1: Product: OHCI PCI host controller
[    0.866003] usb usb1: Manufacturer: Linux 6.4.0-rc3-thor_kernel-g44c026a73be8-dirty ohci_hcd
[    0.866003] usb usb1: SerialNumber: 0000:00:06.0
[    0.866003] hub 1-0:1.0: USB hub found
[    0.866003] hub 1-0:1.0: 12 ports detected
[    0.868738] ehci-pci 0000:00:0b.0: EHCI Host Controller
[    0.869128] ehci-pci 0000:00:0b.0: new USB bus registered, assigned bus number 2
[    0.869983] ehci-pci 0000:00:0b.0: irq 19, io mem 0xf0805000
[    0.870470] usbcore: registered new interface driver usblp
[    0.870840] usbcore: registered new interface driver usb-storage
[    0.870930] i8042: PNP: PS/2 Controller [PNP0303:PS2K,PNP0f03:PS2M] at 0x60,0x64 irq 1,12
[    0.872344] serio: i8042 KBD port at 0x60,0x64 irq 1
[    0.872686] serio: i8042 AUX port at 0x60,0x64 irq 12
[    0.873468] input: AT Translated Set 2 keyboard as /devices/platform/i8042/serio0/input/input3
[    0.875416] rtc_cmos rtc_cmos: registered as rtc0
[    0.875939] rtc_cmos rtc_cmos: alarms up to one day, 114 bytes nvram
[    0.876370] fail to initialize ptp_kvm
[    0.876445] device-mapper: ioctl: 4.48.0-ioctl (2023-03-01) initialised: dm-devel@redhat.com
[    0.876931] intel_pstate: CPU model not supported
[    0.876931] hid: raw HID events driver (C) Jiri Kosina
[    0.876931] usbcore: registered new interface driver usbhid
[    0.876931] usbhid: USB HID core driver
[    0.876931] Initializing XFRM netlink socket
[    0.876931] NET: Registered PF_INET6 protocol family
[    0.876931] Segment Routing with IPv6
[    0.876931] In-situ OAM (IOAM) with IPv6
[    0.876931] sit: IPv6, IPv4 and MPLS over IPv4 tunneling driver
[    0.876931] NET: Registered PF_PACKET protocol family
[    0.876931] 9pnet: Installing 9P2000 support
[    0.876931] Key type dns_resolver registered
[    0.876931] IPI shorthand broadcast: enabled
[    0.876931] sched_clock: Marking stable (839016710, 36915064)->(884537245, -8605471)
[    0.886000] registered taskstats version 1
[    0.886302] Loading compiled-in X.509 certificates
[    0.888126] PM:   Magic number: 7:407:777
[    0.888469] misc rfkill: hash matches
[    0.888774] printk: console [netcon0] enabled
[    0.889106] netconsole: network logging started
[    0.889582] cfg80211: Loading compiled-in X.509 certificates for regulatory database
[    0.890868] ehci-pci 0000:00:0b.0: USB 2.0 started, EHCI 1.00
[    0.891378] usb usb2: New USB device found, idVendor=1d6b, idProduct=0002, bcdDevice= 6.04
[    0.892176] usb usb2: New USB device strings: Mfr=3, Product=2, SerialNumber=1
[    0.892854] usb usb2: Product: EHCI Host Controller
[    0.893202] usb usb2: Manufacturer: Linux 6.4.0-rc3-thor_kernel-g44c026a73be8-dirty ehci_hcd
[    0.893754] usb usb2: SerialNumber: 0000:00:0b.0
[    0.894210] hub 2-0:1.0: USB hub found
[    0.894518] hub 2-0:1.0: 12 ports detected
[    0.895252] kworker/u2:3 (43) used greatest stack depth: 14872 bytes left
[    0.896048] Loaded X.509 cert 'sforshee: 00b28ddf47aef9cea7'
[    0.896409] ALSA device list:
[    0.896663]   No soundcards found.
[    0.896966] platform regulatory.0: Direct firmware load for regulatory.db failed with error -2
[    0.897508] cfg80211: failed to load regulatory.db
[    1.080466] input: ImExPS/2 Generic Explorer Mouse as /devices/platform/i8042/serio1/input/input5
[    1.082608] md: Waiting for all devices to be available before autodetect
[    1.083578] md: If you don't use raid, use raid=noautodetect
[    1.084480] md: Autodetecting RAID arrays.
[    1.085177] md: autorun ...
[    1.085752] md: ... autorun DONE.
[    1.159070] usb 1-1: new full-speed USB device number 2 using ohci-pci
[    1.177053] EXT4-fs (sda1): orphan cleanup on readonly fs
[    1.177740] EXT4-fs (sda1): mounted filesystem 0ce49283-6822-4b1d-b1fc-c7530872337d ro with ordered data mode. Quota mode: none.
[    1.178254] VFS: Mounted root (ext4 filesystem) readonly on device 8:1.
[    1.180504] devtmpfs: mounted
[    1.181182] Freeing unused kernel image (initmem) memory: 2596K
[    1.181613] Write protecting the kernel read-only data: 26624k
[    1.182302] Freeing unused kernel image (rodata/data gap) memory: 1836K
[    1.232096] x86/mm: Checked W+X mappings: passed, no W+X pages found.
[    1.232405] x86/mm: Checking user space page tables
[    1.279887] x86/mm: Checked W+X mappings: passed, no W+X pages found.
[    1.280455] Run /sbin/init as init process
[    1.280718]   with arguments:
[    1.280719]     /sbin/init
[    1.280720]   with environment:
[    1.280721]     HOME=/
[    1.280722]     TERM=linux
[    1.280722]     BOOT_IMAGE=/vmlinuz-6.4-rc3-thor_kernel
[    1.341075] stty (51) used greatest stack depth: 13784 bytes left
[    1.352048] dmesg (52) used greatest stack depth: 13600 bytes left
[    1.463664] ip (108) used greatest stack depth: 13464 bytes left
[    1.465358] ip (109) used greatest stack depth: 12984 bytes left
[    1.487775] usb 1-1: New USB device found, idVendor=80ee, idProduct=0021, bcdDevice= 1.00
[    1.488448] usb 1-1: New USB device strings: Mfr=1, Product=3, SerialNumber=0
[    1.488950] usb 1-1: Product: USB Tablet
[    1.489156] usb 1-1: Manufacturer: VirtualBox
[    1.499895] input: VirtualBox USB Tablet as /devices/pci0000:00/0000:00:06.0/usb1/1-1/1-1:1.0/0003:80EE:0021.0001/input/input6
[    1.500509] hid-generic 0003:80EE:0021.0001: input,hidraw0: USB HID v1.10 Mouse [VirtualBox USB Tablet] on usb-0000:00:06.0-1/input0
[    1.524647] udevd[134]: starting version 3.2.11
[    1.547756] udevd[135]: starting eudev-3.2.11
[    1.612353] e1000 0000:00:03.0 enp0s3: renamed from eth0
[    1.977774] Adding 1022972k swap on /dev/sda4.  Priority:1 extents:1 across:1022972k 
[    1.992561] EXT4-fs (sda1): re-mounted 0ce49283-6822-4b1d-b1fc-c7530872337d ro. Quota mode: none.
[    2.035638] EXT4-fs (sda1): re-mounted 0ce49283-6822-4b1d-b1fc-c7530872337d r/w. Quota mode: none.
[    2.062226] EXT4-fs (sda2): mounted filesystem 0b10cff0-42fc-4f3c-9e6e-ca7cf97db722 r/w with ordered data mode. Quota mode: none.
[    2.130569] EXT4-fs (sda3): mounted filesystem e805185b-4907-4295-a056-cf846ee7fbda r/w with ordered data mode. Quota mode: none.
[    3.192135] e1000: enp0s3 NIC Link is Up 1000 Mbps Full Duplex, Flow Control: RX
[    3.192767] IPv6: ADDRCONF(NETDEV_CHANGE): enp0s3: link becomes ready
[ 8636.125805] forty_two: loading out-of-tree module taints kernel.
[ 8636.128180] Module forty_two loaded
[ 9046.210381] Module forty_two unloaded
[ 9081.098198] Module forty_two loaded
[ 9195.818172] Module forty_two unloaded
[ 9244.431460] Module forty_two loaded
[10712.121555] Module forty_two unloaded
[10732.491192] Module forty_two loaded
[13767.709716] kworker/dying (40) used greatest stack depth: 12424 bytes left
[18997.060550] Module forty_two unloaded
[20782.263024] Module forty_two loaded
[21025.653540] Module forty_two unloaded
[21030.360627] Module forty_two loaded
[21067.933320] Module forty_two unloaded
[21154.454024] Module forty_two loaded
[21214.806287] Module forty_two unloaded
[21219.565554] Module forty_two loaded
[21259.862544] Module forty_two unloaded
[21415.171035] Module forty_two loaded
[21426.855663] received string: |rkowalsk
               |
[21426.857056] received string: |rkowalsk
               |
[21426.858293] received string: |
               |
[21426.859587] received string: |
               |
[21553.220940] received string: |rkowalsk -e
               |
[21553.222244] received string: |rkowalsk -e
               |
[21553.223341] received string: | -e
               |
[21553.224285] received string: | -e
               |
[21556.490338] received string: |rkowalsk
               |
[21556.491392] received string: |rkowalsk
               |
[21556.492389] received string: |
               |
[21556.493359] received string: |
               |
[21561.738930] Module forty_two unloaded
[21567.894574] Module forty_two loaded
[21766.854969] Module forty_two unloaded
[21769.419769] Module forty_two loaded
[21776.055373] received string: |rkowalsk
               |
[21776.056473] memcmp return: |0|
[21780.073972] received string: |12345678
               |
[21780.075010] memcmp return: |0|
[21877.559695] Module forty_two unloaded
[21880.631985] Module forty_two loaded
[22218.342466] Module forty_two unloaded
[22231.319981] Module forty_two loaded
[22255.881206] Module forty_two unloaded
