[    0.000000] Linux version 6.4.0-rc3 (root@rkowalsk) (gcc (GCC) 12.2.0, GNU ld (GNU Binutils) 2.40) #1 SMP PREEMPT_DYNAMIC Mon May 22 14:15:33 CEST 2023
[    0.000000] Command line: BOOT_IMAGE=/vmlinuz-6.4-rc3-torvalds root=/dev/sda1 ro
[    0.000000] x86/fpu: Supporting XSAVE feature 0x001: 'x87 floating point registers'
[    0.000000] x86/fpu: Supporting XSAVE feature 0x002: 'SSE registers'
[    0.000000] x86/fpu: Supporting XSAVE feature 0x004: 'AVX registers'
[    0.000000] x86/fpu: xstate_offset[2]:  576, xstate_sizes[2]:  256
[    0.000000] x86/fpu: Enabled xstate features 0x7, context size is 832 bytes, using 'standard' format.
[    0.000000] signal: max sigframe size: 1776
[    0.000000] BIOS-provided physical RAM map:
[    0.000000] BIOS-e820: [mem 0x0000000000000000-0x000000000009fbff] usable
[    0.000000] BIOS-e820: [mem 0x000000000009fc00-0x000000000009ffff] reserved
[    0.000000] BIOS-e820: [mem 0x00000000000f0000-0x00000000000fffff] reserved
[    0.000000] BIOS-e820: [mem 0x0000000000100000-0x000000003ffeffff] usable
[    0.000000] BIOS-e820: [mem 0x000000003fff0000-0x000000003fffffff] ACPI data
[    0.000000] BIOS-e820: [mem 0x00000000fec00000-0x00000000fec00fff] reserved
[    0.000000] BIOS-e820: [mem 0x00000000fee00000-0x00000000fee00fff] reserved
[    0.000000] BIOS-e820: [mem 0x00000000fffc0000-0x00000000ffffffff] reserved
[    0.000000] NX (Execute Disable) protection: active
[    0.000000] SMBIOS 2.5 present.
[    0.000000] DMI: innotek GmbH VirtualBox/VirtualBox, BIOS VirtualBox 12/01/2006
[    0.000000] Hypervisor detected: KVM
[    0.000000] kvm-clock: Using msrs 4b564d01 and 4b564d00
[    0.000003] kvm-clock: using sched offset of 4018424574 cycles
[    0.000008] clocksource: kvm-clock: mask: 0xffffffffffffffff max_cycles: 0x1cd42e4dffb, max_idle_ns: 881590591483 ns
[    0.000011] tsc: Detected 2194.918 MHz processor
[    0.001257] e820: update [mem 0x00000000-0x00000fff] usable ==> reserved
[    0.001262] e820: remove [mem 0x000a0000-0x000fffff] usable
[    0.001268] last_pfn = 0x3fff0 max_arch_pfn = 0x400000000
[    0.001281] MTRRs disabled by BIOS
[    0.001285] x86/PAT: Configuration [0-7]: WB  WC  UC- UC  WB  WP  UC- WT  
[    0.001389] found SMP MP-table at [mem 0x0009fff0-0x0009ffff]
[    0.001506] ACPI: Early table checksum verification disabled
[    0.001511] ACPI: RSDP 0x00000000000E0000 000024 (v02 VBOX  )
[    0.001516] ACPI: XSDT 0x000000003FFF0030 00003C (v01 VBOX   VBOXXSDT 00000001 ASL  00000061)
[    0.001522] ACPI: FACP 0x000000003FFF00F0 0000F4 (v04 VBOX   VBOXFACP 00000001 ASL  00000061)
[    0.001527] ACPI: DSDT 0x000000003FFF0470 002325 (v02 VBOX   VBOXBIOS 00000002 INTL 20200925)
[    0.001531] ACPI: FACS 0x000000003FFF0200 000040
[    0.001534] ACPI: FACS 0x000000003FFF0200 000040
[    0.001537] ACPI: APIC 0x000000003FFF0240 000054 (v02 VBOX   VBOXAPIC 00000001 ASL  00000061)
[    0.001540] ACPI: SSDT 0x000000003FFF02A0 0001CC (v01 VBOX   VBOXCPUT 00000002 INTL 20200925)
[    0.001543] ACPI: Reserving FACP table memory at [mem 0x3fff00f0-0x3fff01e3]
[    0.001545] ACPI: Reserving DSDT table memory at [mem 0x3fff0470-0x3fff2794]
[    0.001545] ACPI: Reserving FACS table memory at [mem 0x3fff0200-0x3fff023f]
[    0.001546] ACPI: Reserving FACS table memory at [mem 0x3fff0200-0x3fff023f]
[    0.001547] ACPI: Reserving APIC table memory at [mem 0x3fff0240-0x3fff0293]
[    0.001548] ACPI: Reserving SSDT table memory at [mem 0x3fff02a0-0x3fff046b]
[    0.001734] No NUMA configuration found
[    0.001735] Faking a node at [mem 0x0000000000000000-0x000000003ffeffff]
[    0.001738] NODE_DATA(0) allocated [mem 0x3ffec000-0x3ffeffff]
[    0.001751] Zone ranges:
[    0.001752]   DMA      [mem 0x0000000000001000-0x0000000000ffffff]
[    0.001754]   DMA32    [mem 0x0000000001000000-0x000000003ffeffff]
[    0.001755]   Normal   empty
[    0.001756] Movable zone start for each node
[    0.001757] Early memory node ranges
[    0.001757]   node   0: [mem 0x0000000000001000-0x000000000009efff]
[    0.001759]   node   0: [mem 0x0000000000100000-0x000000003ffeffff]
[    0.001760] Initmem setup node 0 [mem 0x0000000000001000-0x000000003ffeffff]
[    0.002853] On node 0, zone DMA: 1 pages in unavailable ranges
[    0.002906] On node 0, zone DMA: 97 pages in unavailable ranges
[    0.007583] On node 0, zone DMA32: 16 pages in unavailable ranges
[    0.008049] ACPI: PM-Timer IO Port: 0x4008
[    0.008154] IOAPIC[0]: apic_id 1, version 32, address 0xfec00000, GSI 0-23
[    0.008161] ACPI: INT_SRC_OVR (bus 0 bus_irq 0 global_irq 2 dfl dfl)
[    0.008164] ACPI: INT_SRC_OVR (bus 0 bus_irq 9 global_irq 9 low level)
[    0.008169] ACPI: Using ACPI (MADT) for SMP configuration information
[    0.008178] smpboot: Allowing 1 CPUs, 0 hotplug CPUs
[    0.008207] PM: hibernation: Registered nosave memory: [mem 0x00000000-0x00000fff]
[    0.008209] PM: hibernation: Registered nosave memory: [mem 0x0009f000-0x0009ffff]
[    0.008211] PM: hibernation: Registered nosave memory: [mem 0x000a0000-0x000effff]
[    0.008212] PM: hibernation: Registered nosave memory: [mem 0x000f0000-0x000fffff]
[    0.008213] [mem 0x40000000-0xfebfffff] available for PCI devices
[    0.008215] Booting paravirtualized kernel on KVM
[    0.008218] clocksource: refined-jiffies: mask: 0xffffffff max_cycles: 0xffffffff, max_idle_ns: 1910969940391419 ns
[    0.015377] setup_percpu: NR_CPUS:64 nr_cpumask_bits:1 nr_cpu_ids:1 nr_node_ids:1
[    0.017219] percpu: Embedded 54 pages/cpu s182760 r8192 d30232 u2097152
[    0.017237] pcpu-alloc: s182760 r8192 d30232 u2097152 alloc=1*2097152
[    0.017242] pcpu-alloc: [0] 0 
[    0.017279] Kernel command line: BOOT_IMAGE=/vmlinuz-6.4-rc3-torvalds root=/dev/sda1 ro
[    0.017327] Unknown kernel command line parameters "BOOT_IMAGE=/vmlinuz-6.4-rc3-torvalds", will be passed to user space.
[    0.017371] random: crng init done
[    0.017621] Dentry cache hash table entries: 131072 (order: 8, 1048576 bytes, linear)
[    0.017735] Inode-cache hash table entries: 65536 (order: 7, 524288 bytes, linear)
[    0.017795] Fallback order for Node 0: 0 
[    0.017799] Built 1 zonelists, mobility grouping on.  Total pages: 257776
[    0.017802] Policy zone: DMA32
[    0.017803] mem auto-init: stack:all(zero), heap alloc:off, heap free:off
[    0.023619] Memory: 990048K/1048120K available (18432K kernel code, 2720K rwdata, 6356K rodata, 2596K init, 1668K bss, 57812K reserved, 0K cma-reserved)
[    0.023687] SLUB: HWalign=64, Order=0-3, MinObjects=0, CPUs=1, Nodes=1
[    0.023701] Kernel/User page tables isolation: enabled
[    0.025256] Dynamic Preempt: voluntary
[    0.025300] rcu: Preemptible hierarchical RCU implementation.
[    0.025301] rcu: 	RCU event tracing is enabled.
[    0.025302] rcu: 	RCU restricting CPUs from NR_CPUS=64 to nr_cpu_ids=1.
[    0.025304] 	Trampoline variant of Tasks RCU enabled.
[    0.025305] rcu: RCU calculated value of scheduler-enlistment delay is 100 jiffies.
[    0.025307] rcu: Adjusting geometry for rcu_fanout_leaf=16, nr_cpu_ids=1
[    0.027909] NR_IRQS: 4352, nr_irqs: 256, preallocated irqs: 16
[    0.028138] rcu: srcu_init: Setting srcu_struct sizes based on contention.
[    0.036795] Console: colour VGA+ 80x25
[    0.036804] printk: console [tty0] enabled
[    0.077143] ACPI: Core revision 20230331
[    0.077497] APIC: Switch to symmetric I/O mode setup
[    0.077999] x2apic enabled
[    0.078454] Switched APIC routing to physical x2apic.
[    0.079927] ..TIMER: vector=0x30 apic1=0 pin1=2 apic2=-1 pin2=-1
[    0.080237] clocksource: tsc-early: mask: 0xffffffffffffffff max_cycles: 0x1fa37202099, max_idle_ns: 440795206796 ns
[    0.080767] Calibrating delay loop (skipped) preset value.. 4389.83 BogoMIPS (lpj=2194918)
[    0.081167] pid_max: default: 32768 minimum: 301
[    0.081427] LSM: initializing lsm=capability,selinux,integrity
[    0.081706] SELinux:  Initializing.
[    0.081761] Mount-cache hash table entries: 2048 (order: 2, 16384 bytes, linear)
[    0.081761] Mountpoint-cache hash table entries: 2048 (order: 2, 16384 bytes, linear)
[    0.081761] process: using mwait in idle threads
[    0.081761] Last level iTLB entries: 4KB 64, 2MB 8, 4MB 8
[    0.081761] Last level dTLB entries: 4KB 64, 2MB 0, 4MB 0, 1GB 4
[    0.081761] Spectre V1 : Mitigation: usercopy/swapgs barriers and __user pointer sanitization
[    0.081761] Spectre V2 : Mitigation: Retpolines
[    0.081773] Spectre V2 : Spectre v2 / SpectreRSB mitigation: Filling RSB on context switch
[    0.082215] Spectre V2 : Spectre v2 / SpectreRSB : Filling RSB on VMEXIT
[    0.082671] Speculative Store Bypass: Vulnerable
[    0.082761] MDS: Mitigation: Clear CPU buffers
[    0.082761] MMIO Stale Data: Unknown: No mitigations
[    0.082761] SRBDS: Unknown: Dependent on hypervisor status
[    0.118020] Freeing SMP alternatives memory: 48K
[    0.222565] smpboot: CPU0: Intel(R) Core(TM) i5-5200U CPU @ 2.20GHz (family: 0x6, model: 0x3d, stepping: 0x4)
[    0.222761] cblist_init_generic: Setting adjustable number of callback queues.
[    0.222761] cblist_init_generic: Setting shift to 0 and lim to 1.
[    0.222761] Performance Events: unsupported p6 CPU model 61 no PMU driver, software events only.
[    0.222761] rcu: Hierarchical SRCU implementation.
[    0.222761] rcu: 	Max phase no-delay instances is 400.
[    0.222761] smp: Bringing up secondary CPUs ...
[    0.222761] smp: Brought up 1 node, 1 CPU
[    0.222761] smpboot: Max logical packages: 1
[    0.222761] smpboot: Total of 1 processors activated (4389.83 BogoMIPS)
[    0.222761] devtmpfs: initialized
[    0.222761] clocksource: jiffies: mask: 0xffffffff max_cycles: 0xffffffff, max_idle_ns: 1911260446275000 ns
[    0.222761] futex hash table entries: 256 (order: 2, 16384 bytes, linear)
[    0.222773] PM: RTC time: 10:02:15, date: 2023-05-23
[    0.223287] NET: Registered PF_NETLINK/PF_ROUTE protocol family
[    0.223761] audit: initializing netlink subsys (disabled)
[    0.223761] thermal_sys: Registered thermal governor 'step_wise'
[    0.223761] thermal_sys: Registered thermal governor 'user_space'
[    0.223761] cpuidle: using governor menu
[    0.224781] PCI: Using configuration type 1 for base access
[    0.225296] kprobes: kprobe jump-optimization is enabled. All kprobes are optimized if possible.
[    0.225761] audit: type=2000 audit(1684836140.769:1): state=initialized audit_enabled=0 res=1
[    0.342954] HugeTLB: registered 2.00 MiB page size, pre-allocated 0 pages
[    0.343248] HugeTLB: 28 KiB vmemmap can be freed for a 2.00 MiB page
[    0.343634] ACPI: Added _OSI(Module Device)
[    0.343761] ACPI: Added _OSI(Processor Device)
[    0.343761] ACPI: Added _OSI(3.0 _SCP Extensions)
[    0.343761] ACPI: Added _OSI(Processor Aggregator Device)
[    0.344131] ACPI: 2 ACPI AML tables successfully acquired and loaded
[    0.346336] ACPI: Interpreter enabled
[    0.346541] ACPI: PM: (supports S0 S5)
[    0.346736] ACPI: Using IOAPIC for interrupt routing
[    0.346761] PCI: Using host bridge windows from ACPI; if necessary, use "pci=nocrs" and report a bug
[    0.346764] PCI: Using E820 reservations for host bridge windows
[    0.347219] ACPI: Enabled 2 GPEs in block 00 to 07
[    0.355255] ACPI: PCI Root Bridge [PCI0] (domain 0000 [bus 00-ff])
[    0.355532] acpi PNP0A03:00: _OSC: OS supports [ASPM ClockPM Segments MSI HPX-Type3]
[    0.355761] acpi PNP0A03:00: _OSC: not requesting OS control; OS requires [ExtendedConfig ASPM ClockPM MSI]
[    0.355761] acpi PNP0A03:00: fail to add MMCONFIG information, can't access extended configuration space under this bridge
[    0.355844] PCI host bridge to bus 0000:00
[    0.356052] pci_bus 0000:00: root bus resource [io  0x0000-0x0cf7 window]
[    0.356364] pci_bus 0000:00: root bus resource [io  0x0d00-0xffff window]
[    0.356639] pci_bus 0000:00: root bus resource [mem 0x000a0000-0x000bffff window]
[    0.356761] pci_bus 0000:00: root bus resource [mem 0x40000000-0xfdffffff window]
[    0.356761] pci_bus 0000:00: root bus resource [bus 00-ff]
[    0.358781] pci 0000:00:00.0: [8086:1237] type 00 class 0x060000
[    0.359471] pci 0000:00:01.0: [8086:7000] type 00 class 0x060100
[    0.360296] pci 0000:00:01.1: [8086:7111] type 00 class 0x01018a
[    0.360938] pci 0000:00:01.1: reg 0x20: [io  0xd000-0xd00f]
[    0.361382] pci 0000:00:01.1: legacy IDE quirk: reg 0x10: [io  0x01f0-0x01f7]
[    0.361761] pci 0000:00:01.1: legacy IDE quirk: reg 0x14: [io  0x03f6]
[    0.361761] pci 0000:00:01.1: legacy IDE quirk: reg 0x18: [io  0x0170-0x0177]
[    0.361761] pci 0000:00:01.1: legacy IDE quirk: reg 0x1c: [io  0x0376]
[    0.362927] pci 0000:00:02.0: [15ad:0405] type 00 class 0x030000
[    0.365093] pci 0000:00:02.0: reg 0x10: [io  0xd010-0xd01f]
[    0.366086] pci 0000:00:02.0: reg 0x14: [mem 0xe0000000-0xe0ffffff pref]
[    0.368047] pci 0000:00:02.0: reg 0x18: [mem 0xf0000000-0xf01fffff]
[    0.376789] pci 0000:00:02.0: Video device with shadowed ROM at [mem 0x000c0000-0x000dffff]
[    0.377552] pci 0000:00:03.0: [8086:100e] type 00 class 0x020000
[    0.378791] pci 0000:00:03.0: reg 0x10: [mem 0xf0200000-0xf021ffff]
[    0.380864] pci 0000:00:03.0: reg 0x18: [io  0xd020-0xd027]
[    0.387049] pci 0000:00:04.0: [80ee:cafe] type 00 class 0x088000
[    0.387876] pci 0000:00:04.0: reg 0x10: [io  0xd040-0xd05f]
[    0.390798] pci 0000:00:04.0: reg 0x14: [mem 0xf0400000-0xf07fffff]
[    0.392787] pci 0000:00:04.0: reg 0x18: [mem 0xf0800000-0xf0803fff pref]
[    0.397958] pci 0000:00:05.0: [8086:2415] type 00 class 0x040100
[    0.398374] pci 0000:00:05.0: reg 0x10: [io  0xd100-0xd1ff]
[    0.398708] pci 0000:00:05.0: reg 0x14: [io  0xd200-0xd23f]
[    0.399195] pci 0000:00:06.0: [106b:003f] type 00 class 0x0c0310
[    0.399865] pci 0000:00:06.0: reg 0x10: [mem 0xf0804000-0xf0804fff]
[    0.408261] pci 0000:00:07.0: [8086:7113] type 00 class 0x068000
[    0.409147] pci 0000:00:07.0: quirk: [io  0x4000-0x403f] claimed by PIIX4 ACPI
[    0.409769] pci 0000:00:07.0: quirk: [io  0x4100-0x410f] claimed by PIIX4 SMB
[    0.412014] ACPI: PCI: Interrupt link LNKA configured for IRQ 11
[    0.412441] ACPI: PCI: Interrupt link LNKB configured for IRQ 10
[    0.412771] ACPI: PCI: Interrupt link LNKC configured for IRQ 9
[    0.413094] ACPI: PCI: Interrupt link LNKD configured for IRQ 11
[    0.413521] iommu: Default domain type: Translated 
[    0.413753] iommu: DMA domain TLB invalidation policy: lazy mode 
[    0.413761] SCSI subsystem initialized
[    0.413761] libata version 3.00 loaded.
[    0.413761] ACPI: bus type USB registered
[    0.413761] usbcore: registered new interface driver usbfs
[    0.413761] usbcore: registered new interface driver hub
[    0.413761] usbcore: registered new device driver usb
[    0.414007] pps_core: LinuxPPS API ver. 1 registered
[    0.414236] pps_core: Software ver. 5.3.6 - Copyright 2005-2007 Rodolfo Giometti <giometti@linux.it>
[    0.414703] PTP clock support registered
[    0.414839] Advanced Linux Sound Architecture Driver Initialized.
[    0.415255] NetLabel: Initializing
[    0.415442] NetLabel:  domain hash size = 128
[    0.415653] NetLabel:  protocols = UNLABELED CIPSOv4 CALIPSO
[    0.415761] NetLabel:  unlabeled traffic allowed by default
[    0.415761] PCI: Using ACPI for IRQ routing
[    0.415761] PCI: pci_cache_line_size set to 64 bytes
[    0.417827] e820: reserve RAM buffer [mem 0x0009fc00-0x0009ffff]
[    0.417834] e820: reserve RAM buffer [mem 0x3fff0000-0x3fffffff]
[    0.417880] pci 0000:00:02.0: vgaarb: setting as boot VGA device
[    0.418139] pci 0000:00:02.0: vgaarb: bridge control possible
[    0.418386] pci 0000:00:02.0: vgaarb: VGA device added: decodes=io+mem,owns=io+mem,locks=none
[    0.418764] vgaarb: loaded
[    0.419030] clocksource: Switched to clocksource kvm-clock
[    0.419449] VFS: Disk quotas dquot_6.6.0
[    0.419710] VFS: Dquot-cache hash table entries: 512 (order 0, 4096 bytes)
[    0.419761] pnp: PnP ACPI init
[    0.420886] pnp: PnP ACPI: found 2 devices
[    0.426657] clocksource: acpi_pm: mask: 0xffffff max_cycles: 0xffffff, max_idle_ns: 2085701024 ns
[    0.427143] NET: Registered PF_INET protocol family
[    0.427427] IP idents hash table entries: 16384 (order: 5, 131072 bytes, linear)
[    0.427652] tcp_listen_portaddr_hash hash table entries: 512 (order: 1, 8192 bytes, linear)
[    0.427652] Table-perturb hash table entries: 65536 (order: 6, 262144 bytes, linear)
[    0.427652] TCP established hash table entries: 8192 (order: 4, 65536 bytes, linear)
[    0.427652] TCP bind hash table entries: 8192 (order: 6, 262144 bytes, linear)
[    0.427652] TCP: Hash tables configured (established 8192 bind 8192)
[    0.427652] UDP hash table entries: 512 (order: 2, 16384 bytes, linear)
[    0.427652] UDP-Lite hash table entries: 512 (order: 2, 16384 bytes, linear)
[    0.427652] NET: Registered PF_UNIX/PF_LOCAL protocol family
[    0.427652] RPC: Registered named UNIX socket transport module.
[    0.427652] RPC: Registered udp transport module.
[    0.427652] RPC: Registered tcp transport module.
[    0.427652] RPC: Registered tcp NFSv4.1 backchannel transport module.
[    0.427652] pci_bus 0000:00: resource 4 [io  0x0000-0x0cf7 window]
[    0.427652] pci_bus 0000:00: resource 5 [io  0x0d00-0xffff window]
[    0.427652] pci_bus 0000:00: resource 6 [mem 0x000a0000-0x000bffff window]
[    0.427652] pci_bus 0000:00: resource 7 [mem 0x40000000-0xfdffffff window]
[    0.433574] pci 0000:00:00.0: Limiting direct PCI/PCI transfers
[    0.435900] PCI: CLS 0 bytes, default 64
[    0.436386] RAPL PMU: API unit is 2^-32 Joules, 0 fixed counters, 10737418240 ms ovfl timer
[    0.436585] clocksource: tsc: mask: 0xffffffffffffffff max_cycles: 0x1fa37202099, max_idle_ns: 440795206796 ns
[    0.436585] clocksource: Switched to clocksource tsc
[    0.436585] platform rtc_cmos: registered platform RTC device (no PNP device found)
[    0.439171] Initialise system trusted keyrings
[    0.439171] workingset: timestamp_bits=56 max_order=18 bucket_order=0
[    0.439171] NFS: Registering the id_resolver key type
[    0.439171] Key type id_resolver registered
[    0.439171] Key type id_legacy registered
[    0.439171] 9p: Installing v9fs 9p2000 file system support
[    0.457218] Key type asymmetric registered
[    0.457218] Asymmetric key parser 'x509' registered
[    0.457218] Block layer SCSI generic (bsg) driver version 0.4 loaded (major 251)
[    0.457218] io scheduler mq-deadline registered
[    0.457218] io scheduler kyber registered
[    0.462173] ACPI: AC: AC Adapter [AC] (off-line)
[    0.462435] input: Power Button as /devices/LNXSYSTM:00/LNXPWRBN:00/input/input0
[    0.462801] ACPI: button: Power Button [PWRF]
[    0.463185] input: Sleep Button as /devices/LNXSYSTM:00/LNXSLPBN:00/input/input1
[    0.463539] ACPI: button: Sleep Button [SLPF]
[    0.463847] ACPI: video: Video Device [GFX0] (multi-head: yes  rom: no  post: no)
[    0.464231] input: Video Bus as /devices/LNXSYSTM:00/LNXSYBUS:00/PNP0A03:00/LNXVIDEO:00/input/input2
[    0.465247] ACPI: battery: Slot [BAT0] (battery present)
[    0.465576] Serial: 8250/16550 driver, 4 ports, IRQ sharing enabled
[    0.466129] Non-volatile memory driver v1.3
[    0.466338] Linux agpgart interface v0.103
[    0.466608] ACPI: bus type drm_connector registered
[    0.467575] loop: module loaded
[    0.467575] ata_piix 0000:00:01.1: version 2.13
[    0.468340] scsi host0: ata_piix
[    0.468638] scsi host1: ata_piix
[    0.468925] ata1: PATA max UDMA/33 cmd 0x1f0 ctl 0x3f6 bmdma 0xd000 irq 14
[    0.469000] ata2: PATA max UDMA/33 cmd 0x170 ctl 0x376 bmdma 0xd008 irq 15
[    0.469000] e100: Intel(R) PRO/100 Network Driver
[    0.469000] e100: Copyright(c) 1999-2006 Intel Corporation
[    0.469000] e1000: Intel(R) PRO/1000 Network Driver
[    0.469000] e1000: Copyright (c) 1999-2006 Intel Corporation.
[    0.627713] ata1.00: ATA-6: VBOX HARDDISK, 1.0, max UDMA/133
[    0.627971] ata1.00: 23146535 sectors, multi 128: LBA 
[    0.628520] ata2.00: ATAPI: VBOX CD-ROM, 1.0, max UDMA/133
[    0.629019] scsi 0:0:0:0: Direct-Access     ATA      VBOX HARDDISK    1.0  PQ: 0 ANSI: 5
[    0.629528] sd 0:0:0:0: [sda] 23146535 512-byte logical blocks: (11.9 GB/11.0 GiB)
[    0.629784] sd 0:0:0:0: [sda] Write Protect is off
[    0.629784] sd 0:0:0:0: [sda] Mode Sense: 00 3a 00 00
[    0.629784] sd 0:0:0:0: [sda] Write cache: enabled, read cache: enabled, doesn't support DPO or FUA
[    0.629784] sd 0:0:0:0: [sda] Preferred minimum I/O size 512 bytes
[    0.631156] sd 0:0:0:0: Attached scsi generic sg0 type 0
[    0.632190] scsi 1:0:0:0: CD-ROM            VBOX     CD-ROM           1.0  PQ: 0 ANSI: 5
[    0.643173] sr 1:0:0:0: [sr0] scsi3-mmc drive: 32x/32x xa/form2 tray
[    0.643451] cdrom: Uniform CD-ROM driver Revision: 3.20
[    0.655647] sr 1:0:0:0: Attached scsi CD-ROM sr0
[    0.655865] sr 1:0:0:0: Attached scsi generic sg1 type 5
[    0.674291]  sda: sda1 sda2 sda3 sda4 sda5
[    0.674944] sd 0:0:0:0: [sda] Attached SCSI disk
[    0.840540] e1000 0000:00:03.0 eth0: (PCI:33MHz:32-bit) 08:00:27:11:f0:93
[    0.840540] e1000 0000:00:03.0 eth0: Intel(R) PRO/1000 Network Connection
[    0.840540] e1000e: Intel(R) PRO/1000 Network Driver
[    0.840540] e1000e: Copyright(c) 1999 - 2015 Intel Corporation.
[    0.840540] sky2: driver version 1.30
[    0.843344] ohci-pci 0000:00:06.0: OHCI PCI host controller
[    0.843657] ohci-pci 0000:00:06.0: new USB bus registered, assigned bus number 1
[    0.844058] ohci-pci 0000:00:06.0: irq 22, io mem 0xf0804000
[    0.896559] usb usb1: New USB device found, idVendor=1d6b, idProduct=0001, bcdDevice= 6.04
[    0.897053] usb usb1: New USB device strings: Mfr=3, Product=2, SerialNumber=1
[    0.898047] usb usb1: Product: OHCI PCI host controller
[    0.898047] usb usb1: Manufacturer: Linux 6.4.0-rc3 ohci_hcd
[    0.898047] usb usb1: SerialNumber: 0000:00:06.0
[    0.898047] hub 1-0:1.0: USB hub found
[    0.898047] hub 1-0:1.0: 12 ports detected
[    0.901611] usbcore: registered new interface driver usblp
[    0.901884] usbcore: registered new interface driver usb-storage
[    0.902168] i8042: PNP: PS/2 Controller [PNP0303:PS2K,PNP0f03:PS2M] at 0x60,0x64 irq 1,12
[    0.902990] serio: i8042 KBD port at 0x60,0x64 irq 1
[    0.903263] serio: i8042 AUX port at 0x60,0x64 irq 12
[    0.903932] input: AT Translated Set 2 keyboard as /devices/platform/i8042/serio0/input/input3
[    0.905470] rtc_cmos rtc_cmos: registered as rtc0
[    0.905779] rtc_cmos rtc_cmos: alarms up to one day, 114 bytes nvram
[    0.906092] fail to initialize ptp_kvm
[    0.906128] device-mapper: ioctl: 4.48.0-ioctl (2023-03-01) initialised: dm-devel@redhat.com
[    0.906696] intel_pstate: CPU model not supported
[    0.906727] hid: raw HID events driver (C) Jiri Kosina
[    0.906727] usbcore: registered new interface driver usbhid
[    0.906727] usbhid: USB HID core driver
[    0.906727] Initializing XFRM netlink socket
[    0.906727] NET: Registered PF_INET6 protocol family
[    0.906727] Segment Routing with IPv6
[    0.908815] In-situ OAM (IOAM) with IPv6
[    0.909048] sit: IPv6, IPv4 and MPLS over IPv4 tunneling driver
[    0.909399] NET: Registered PF_PACKET protocol family
[    0.909648] 9pnet: Installing 9P2000 support
[    0.909800] Key type dns_resolver registered
[    0.909800] IPI shorthand broadcast: enabled
[    0.909800] sched_clock: Marking stable (856289184, 52511049)->(910151753, -1351520)
[    0.913667] registered taskstats version 1
[    0.913926] Loading compiled-in X.509 certificates
[    0.915331] PM:   Magic number: 7:742:22
[    0.915602] printk: console [netcon0] enabled
[    0.915836] netconsole: network logging started
[    0.916086] cfg80211: Loading compiled-in X.509 certificates for regulatory database
[    0.916555] kworker/u2:3 (43) used greatest stack depth: 14872 bytes left
[    0.917072] Loaded X.509 cert 'sforshee: 00b28ddf47aef9cea7'
[    0.917325] ALSA device list:
[    0.917498]   No soundcards found.
[    0.917716] platform regulatory.0: Direct firmware load for regulatory.db failed with error -2
[    0.918090] cfg80211: failed to load regulatory.db
[    1.107100] input: ImExPS/2 Generic Explorer Mouse as /devices/platform/i8042/serio1/input/input5
[    1.107822] md: Waiting for all devices to be available before autodetect
[    1.108117] md: If you don't use raid, use raid=noautodetect
[    1.108367] md: Autodetecting RAID arrays.
[    1.108599] md: autorun ...
[    1.108788] md: ... autorun DONE.
[    1.189589] usb 1-1: new full-speed USB device number 2 using ohci-pci
[    1.191743] EXT4-fs (sda1): orphan cleanup on readonly fs
[    1.192502] EXT4-fs (sda1): mounted filesystem 0ce49283-6822-4b1d-b1fc-c7530872337d ro with ordered data mode. Quota mode: none.
[    1.193005] VFS: Mounted root (ext4 filesystem) readonly on device 8:1.
[    1.195084] devtmpfs: mounted
[    1.195698] Freeing unused kernel image (initmem) memory: 2596K
[    1.195990] Write protecting the kernel read-only data: 26624k
[    1.196676] Freeing unused kernel image (rodata/data gap) memory: 1836K
[    1.247025] x86/mm: Checked W+X mappings: passed, no W+X pages found.
[    1.247365] x86/mm: Checking user space page tables
[    1.297949] x86/mm: Checked W+X mappings: passed, no W+X pages found.
[    1.298379] Run /sbin/init as init process
[    1.298721]   with arguments:
[    1.298722]     /sbin/init
[    1.298724]   with environment:
[    1.298725]     HOME=/
[    1.298726]     TERM=linux
[    1.298727]     BOOT_IMAGE=/vmlinuz-6.4-rc3-torvalds
[    1.355772] stty (51) used greatest stack depth: 13784 bytes left
[    1.365113] dmesg (52) used greatest stack depth: 13600 bytes left
[    1.435869] sed (88) used greatest stack depth: 13448 bytes left
[    1.476565] ip (109) used greatest stack depth: 12984 bytes left
[    1.507470] usb 1-1: New USB device found, idVendor=80ee, idProduct=0021, bcdDevice= 1.00
[    1.507958] usb 1-1: New USB device strings: Mfr=1, Product=3, SerialNumber=0
[    1.508339] usb 1-1: Product: USB Tablet
[    1.508973] usb 1-1: Manufacturer: VirtualBox
[    1.521063] input: VirtualBox USB Tablet as /devices/pci0000:00/0000:00:06.0/usb1/1-1/1-1:1.0/0003:80EE:0021.0001/input/input6
[    1.522513] hid-generic 0003:80EE:0021.0001: input,hidraw0: USB HID v1.10 Mouse [VirtualBox USB Tablet] on usb-0000:00:06.0-1/input0
[    1.536424] udevd[134]: starting version 3.2.11
[    1.557761] udevd[135]: starting eudev-3.2.11
[    1.646672] e1000 0000:00:03.0 enp0s3: renamed from eth0
[    1.992849] Adding 1022972k swap on /dev/sda4.  Priority:1 extents:1 across:1022972k 
[    2.008730] EXT4-fs (sda1): re-mounted 0ce49283-6822-4b1d-b1fc-c7530872337d ro. Quota mode: none.
[    2.051923] EXT4-fs (sda1): re-mounted 0ce49283-6822-4b1d-b1fc-c7530872337d r/w. Quota mode: none.
[    2.081457] EXT4-fs (sda2): mounted filesystem 0b10cff0-42fc-4f3c-9e6e-ca7cf97db722 r/w with ordered data mode. Quota mode: none.
[    2.152478] EXT4-fs (sda3): mounted filesystem e805185b-4907-4295-a056-cf846ee7fbda r/w with ordered data mode. Quota mode: none.
[    3.231482] e1000: enp0s3 NIC Link is Up 1000 Mbps Full Duplex, Flow Control: RX
[    3.232298] IPv6: ADDRCONF(NETDEV_CHANGE): enp0s3: link becomes ready
[  609.393598] e1000: enp0s3 NIC Link is Down
[  611.442176] e1000: enp0s3 NIC Link is Up 1000 Mbps Full Duplex, Flow Control: RX
